23:03:08 **** Auto Build of configuration Debug for project encoder1 ****
make pre-build main-build 
a9-linaro-pre-build-step
' '
'Building file: ../src/encoder.c'
'Invoking: ARM v7 gcc compiler'
arm-none-eabi-gcc -Wall -O0 -g3 -c -fmessage-length=0 -MT"src/encoder.o" -mcpu=cortex-a9 -mfpu=vfpv3 -mfloat-abi=hard -I../../encoder1_bsp/ps7_cortexa9_0/include -MMD -MP -MF"src/encoder.d" -MT"src/encoder.o" -o "src/encoder.o" "../src/encoder.c"
../src/encoder.c: In function 'main':
../src/encoder.c:23:5: warning: implicit declaration of function 'usleep' [-Wimplicit-function-declaration]
     usleep(100000);
     ^~~~~~
'Finished building: ../src/encoder.c'
' '
'Building target: encoder1.elf'
'Invoking: ARM v7 gcc linker'
arm-none-eabi-gcc -mcpu=cortex-a9 -mfpu=vfpv3 -mfloat-abi=hard -Wl,-build-id=none -specs=Xilinx.spec -Wl,-T -Wl,../src/lscript.ld -L../../encoder1_bsp/ps7_cortexa9_0/lib -o "encoder1.elf"  ./src/encoder.o   -Wl,--start-group,-lxil,-lgcc,-lc,--end-group
'Finished building target: encoder1.elf'
' '
'Invoking: ARM v7 Print Size'
arm-none-eabi-size encoder1.elf  |tee "encoder1.elf.size"
   text	   data	    bss	    dec	    hex	filename
  22204	   1144	  22568	  45916	   b35c	encoder1.elf
'Finished building: encoder1.elf.size'
' '

23:03:14 Build Finished (took 6s.100ms)

