20:26:55 **** Auto Build of configuration Debug for project encoder2 ****
make pre-build main-build 
a9-linaro-pre-build-step
' '
'Building file: ../src/encoder.c'
'Invoking: ARM v7 gcc compiler'
arm-none-eabi-gcc -Wall -O0 -g3 -c -fmessage-length=0 -MT"src/encoder.o" -mcpu=cortex-a9 -mfpu=vfpv3 -mfloat-abi=hard -I../../encoder2_bsp/ps7_cortexa9_0/include -MMD -MP -MF"src/encoder.d" -MT"src/encoder.o" -o "src/encoder.o" "../src/encoder.c"
../src/encoder.c: In function 'main':
../src/encoder.c:22:6: warning: implicit declaration of function 'usleep' [-Wimplicit-function-declaration]
      usleep(50000);
      ^~~~~~
'Finished building: ../src/encoder.c'
' '
'Building target: encoder2.elf'
'Invoking: ARM v7 gcc linker'
arm-none-eabi-gcc -mcpu=cortex-a9 -mfpu=vfpv3 -mfloat-abi=hard -Wl,-build-id=none -specs=Xilinx.spec -Wl,-T -Wl,../src/lscript.ld -L../../encoder2_bsp/ps7_cortexa9_0/lib -o "encoder2.elf"  ./src/encoder.o   -Wl,--start-group,-lxil,-lgcc,-lc,--end-group
'Finished building target: encoder2.elf'
' '
'Invoking: ARM v7 Print Size'
arm-none-eabi-size encoder2.elf  |tee "encoder2.elf.size"
   text	   data	    bss	    dec	    hex	filename
  22316	   1144	  22568	  46028	   b3cc	encoder2.elf
'Finished building: encoder2.elf.size'
' '

20:26:58 Build Finished (took 2s.826ms)

