20:49:55 **** Build of project encoder_bsp ****
make -k all 
"Running Make include in ps7_cortexa9_0/libsrc/coresightps_dcc_v1_4/src"
make -C ps7_cortexa9_0/libsrc/coresightps_dcc_v1_4/src -s include  "SHELL=CMD" "COMPILER=arm-none-eabi-gcc" "ARCHIVER=arm-none-eabi-ar" "COMPILER_FLAGS=  -O2 -c" "EXTRA_COMPILER_FLAGS=-mcpu=cortex-a9 -mfpu=vfpv3 -mfloat-abi=hard -nostartfiles -g -Wall -Wextra"
"Running Make include in ps7_cortexa9_0/libsrc/cpu_cortexa9_v2_6/src"
make -C ps7_cortexa9_0/libsrc/cpu_cortexa9_v2_6/src -s include  "SHELL=CMD" "COMPILER=arm-none-eabi-gcc" "ARCHIVER=arm-none-eabi-ar" "COMPILER_FLAGS=  -O2 -c" "EXTRA_COMPILER_FLAGS=-mcpu=cortex-a9 -mfpu=vfpv3 -mfloat-abi=hard -nostartfiles -g -Wall -Wextra"
"Running Make include in ps7_cortexa9_0/libsrc/ddrps_v1_0/src"
make -C ps7_cortexa9_0/libsrc/ddrps_v1_0/src -s include  "SHELL=CMD" "COMPILER=arm-none-eabi-gcc" "ARCHIVER=arm-none-eabi-ar" "COMPILER_FLAGS=  -O2 -c" "EXTRA_COMPILER_FLAGS=-mcpu=cortex-a9 -mfpu=vfpv3 -mfloat-abi=hard -nostartfiles -g -Wall -Wextra"
"Running Make include in ps7_cortexa9_0/libsrc/devcfg_v3_5/src"
make -C ps7_cortexa9_0/libsrc/devcfg_v3_5/src -s include  "SHELL=CMD" "COMPILER=arm-none-eabi-gcc" "ARCHIVER=arm-none-eabi-ar" "COMPILER_FLAGS=  -O2 -c" "EXTRA_COMPILER_FLAGS=-mcpu=cortex-a9 -mfpu=vfpv3 -mfloat-abi=hard -nostartfiles -g -Wall -Wextra"
"Running Make include in ps7_cortexa9_0/libsrc/dmaps_v2_3/src"
make -C ps7_cortexa9_0/libsrc/dmaps_v2_3/src -s include  "SHELL=CMD" "COMPILER=arm-none-eabi-gcc" "ARCHIVER=arm-none-eabi-ar" "COMPILER_FLAGS=  -O2 -c" "EXTRA_COMPILER_FLAGS=-mcpu=cortex-a9 -mfpu=vfpv3 -mfloat-abi=hard -nostartfiles -g -Wall -Wextra"
"Running Make include in ps7_cortexa9_0/libsrc/encoder_ip_v1_0/src"
make -C ps7_cortexa9_0/libsrc/encoder_ip_v1_0/src -s include  "SHELL=CMD" "COMPILER=arm-none-eabi-gcc" "ARCHIVER=arm-none-eabi-ar" "COMPILER_FLAGS=  -O2 -c" "EXTRA_COMPILER_FLAGS=-mcpu=cortex-a9 -mfpu=vfpv3 -mfloat-abi=hard -nostartfiles -g -Wall -Wextra"
"Running Make include in ps7_cortexa9_0/libsrc/gpiops_v3_3/src"
make -C ps7_cortexa9_0/libsrc/gpiops_v3_3/src -s include  "SHELL=CMD" "COMPILER=arm-none-eabi-gcc" "ARCHIVER=arm-none-eabi-ar" "COMPILER_FLAGS=  -O2 -c" "EXTRA_COMPILER_FLAGS=-mcpu=cortex-a9 -mfpu=vfpv3 -mfloat-abi=hard -nostartfiles -g -Wall -Wextra"
"Running Make include in ps7_cortexa9_0/libsrc/scugic_v3_9/src"
make -C ps7_cortexa9_0/libsrc/scugic_v3_9/src -s include  "SHELL=CMD" "COMPILER=arm-none-eabi-gcc" "ARCHIVER=arm-none-eabi-ar" "COMPILER_FLAGS=  -O2 -c" "EXTRA_COMPILER_FLAGS=-mcpu=cortex-a9 -mfpu=vfpv3 -mfloat-abi=hard -nostartfiles -g -Wall -Wextra"
"Running Make include in ps7_cortexa9_0/libsrc/scutimer_v2_1/src"
make -C ps7_cortexa9_0/libsrc/scutimer_v2_1/src -s include  "SHELL=CMD" "COMPILER=arm-none-eabi-gcc" "ARCHIVER=arm-none-eabi-ar" "COMPILER_FLAGS=  -O2 -c" "EXTRA_COMPILER_FLAGS=-mcpu=cortex-a9 -mfpu=vfpv3 -mfloat-abi=hard -nostartfiles -g -Wall -Wextra"
"Running Make include in ps7_cortexa9_0/libsrc/scuwdt_v2_1/src"
make -C ps7_cortexa9_0/libsrc/scuwdt_v2_1/src -s include  "SHELL=CMD" "COMPILER=arm-none-eabi-gcc" "ARCHIVER=arm-none-eabi-ar" "COMPILER_FLAGS=  -O2 -c" "EXTRA_COMPILER_FLAGS=-mcpu=cortex-a9 -mfpu=vfpv3 -mfloat-abi=hard -nostartfiles -g -Wall -Wextra"
"Running Make include in ps7_cortexa9_0/libsrc/standalone_v6_6/src"
make -C ps7_cortexa9_0/libsrc/standalone_v6_6/src -s include  "SHELL=CMD" "COMPILER=arm-none-eabi-gcc" "ARCHIVER=arm-none-eabi-ar" "COMPILER_FLAGS=  -O2 -c" "EXTRA_COMPILER_FLAGS=-mcpu=cortex-a9 -mfpu=vfpv3 -mfloat-abi=hard -nostartfiles -g -Wall -Wextra"
"Running Make include in ps7_cortexa9_0/libsrc/uartps_v3_6/src"
make -C ps7_cortexa9_0/libsrc/uartps_v3_6/src -s include  "SHELL=CMD" "COMPILER=arm-none-eabi-gcc" "ARCHIVER=arm-none-eabi-ar" "COMPILER_FLAGS=  -O2 -c" "EXTRA_COMPILER_FLAGS=-mcpu=cortex-a9 -mfpu=vfpv3 -mfloat-abi=hard -nostartfiles -g -Wall -Wextra"
"Running Make include in ps7_cortexa9_0/libsrc/xadcps_v2_2/src"
make -C ps7_cortexa9_0/libsrc/xadcps_v2_2/src -s include  "SHELL=CMD" "COMPILER=arm-none-eabi-gcc" "ARCHIVER=arm-none-eabi-ar" "COMPILER_FLAGS=  -O2 -c" "EXTRA_COMPILER_FLAGS=-mcpu=cortex-a9 -mfpu=vfpv3 -mfloat-abi=hard -nostartfiles -g -Wall -Wextra"
"Running Make libs in ps7_cortexa9_0/libsrc/coresightps_dcc_v1_4/src"
make -C ps7_cortexa9_0/libsrc/coresightps_dcc_v1_4/src -s libs  "SHELL=CMD" "COMPILER=arm-none-eabi-gcc" "ARCHIVER=arm-none-eabi-ar" "COMPILER_FLAGS=  -O2 -c" "EXTRA_COMPILER_FLAGS=-mcpu=cortex-a9 -mfpu=vfpv3 -mfloat-abi=hard -nostartfiles -g -Wall -Wextra"
"Compiling coresightps_dcc"
arm-none-eabi-ar: creating ../../../lib/libxil.a
"Running Make libs in ps7_cortexa9_0/libsrc/cpu_cortexa9_v2_6/src"
make -C ps7_cortexa9_0/libsrc/cpu_cortexa9_v2_6/src -s libs  "SHELL=CMD" "COMPILER=arm-none-eabi-gcc" "ARCHIVER=arm-none-eabi-ar" "COMPILER_FLAGS=  -O2 -c" "EXTRA_COMPILER_FLAGS=-mcpu=cortex-a9 -mfpu=vfpv3 -mfloat-abi=hard -nostartfiles -g -Wall -Wextra"
"Compiling cpu_cortexa9"
"Running Make libs in ps7_cortexa9_0/libsrc/ddrps_v1_0/src"
make -C ps7_cortexa9_0/libsrc/ddrps_v1_0/src -s libs  "SHELL=CMD" "COMPILER=arm-none-eabi-gcc" "ARCHIVER=arm-none-eabi-ar" "COMPILER_FLAGS=  -O2 -c" "EXTRA_COMPILER_FLAGS=-mcpu=cortex-a9 -mfpu=vfpv3 -mfloat-abi=hard -nostartfiles -g -Wall -Wextra"
"Compiling ddrps"
"Running Make libs in ps7_cortexa9_0/libsrc/devcfg_v3_5/src"
make -C ps7_cortexa9_0/libsrc/devcfg_v3_5/src -s libs  "SHELL=CMD" "COMPILER=arm-none-eabi-gcc" "ARCHIVER=arm-none-eabi-ar" "COMPILER_FLAGS=  -O2 -c" "EXTRA_COMPILER_FLAGS=-mcpu=cortex-a9 -mfpu=vfpv3 -mfloat-abi=hard -nostartfiles -g -Wall -Wextra"
"Compiling devcfg"
"Running Make libs in ps7_cortexa9_0/libsrc/dmaps_v2_3/src"
make -C ps7_cortexa9_0/libsrc/dmaps_v2_3/src -s libs  "SHELL=CMD" "COMPILER=arm-none-eabi-gcc" "ARCHIVER=arm-none-eabi-ar" "COMPILER_FLAGS=  -O2 -c" "EXTRA_COMPILER_FLAGS=-mcpu=cortex-a9 -mfpu=vfpv3 -mfloat-abi=hard -nostartfiles -g -Wall -Wextra"
"Compiling dmaps"
"Running Make libs in ps7_cortexa9_0/libsrc/encoder_ip_v1_0/src"
make -C ps7_cortexa9_0/libsrc/encoder_ip_v1_0/src -s libs  "SHELL=CMD" "COMPILER=arm-none-eabi-gcc" "ARCHIVER=arm-none-eabi-ar" "COMPILER_FLAGS=  -O2 -c" "EXTRA_COMPILER_FLAGS=-mcpu=cortex-a9 -mfpu=vfpv3 -mfloat-abi=hard -nostartfiles -g -Wall -Wextra"
"Compiling encoder_ip..."
encoder_ip_selftest.c: In function 'ENCODER_IP_Reg_SelfTest':
encoder_ip_selftest.c:52:59: warning: comparison between signed and unsigned integer expressions [-Wsign-compare]
    if ( ENCODER_IP_mReadReg (baseaddr, read_loop_index*4) != (read_loop_index+1)*READ_WRITE_MUL_FACTOR){
                                                           ^~
encoder_ip_selftest.c:36:6: warning: unused variable 'Index' [-Wunused-variable]
  int Index;
      ^~~~~
"Running Make libs in ps7_cortexa9_0/libsrc/gpiops_v3_3/src"
make -C ps7_cortexa9_0/libsrc/gpiops_v3_3/src -s libs  "SHELL=CMD" "COMPILER=arm-none-eabi-gcc" "ARCHIVER=arm-none-eabi-ar" "COMPILER_FLAGS=  -O2 -c" "EXTRA_COMPILER_FLAGS=-mcpu=cortex-a9 -mfpu=vfpv3 -mfloat-abi=hard -nostartfiles -g -Wall -Wextra"
"Compiling gpiops"
"Running Make libs in ps7_cortexa9_0/libsrc/scugic_v3_9/src"
make -C ps7_cortexa9_0/libsrc/scugic_v3_9/src -s libs  "SHELL=CMD" "COMPILER=arm-none-eabi-gcc" "ARCHIVER=arm-none-eabi-ar" "COMPILER_FLAGS=  -O2 -c" "EXTRA_COMPILER_FLAGS=-mcpu=cortex-a9 -mfpu=vfpv3 -mfloat-abi=hard -nostartfiles -g -Wall -Wextra"
"Compiling scugic"
"Running Make libs in ps7_cortexa9_0/libsrc/scutimer_v2_1/src"
make -C ps7_cortexa9_0/libsrc/scutimer_v2_1/src -s libs  "SHELL=CMD" "COMPILER=arm-none-eabi-gcc" "ARCHIVER=arm-none-eabi-ar" "COMPILER_FLAGS=  -O2 -c" "EXTRA_COMPILER_FLAGS=-mcpu=cortex-a9 -mfpu=vfpv3 -mfloat-abi=hard -nostartfiles -g -Wall -Wextra"
"Compiling scutimer"
"Running Make libs in ps7_cortexa9_0/libsrc/scuwdt_v2_1/src"
make -C ps7_cortexa9_0/libsrc/scuwdt_v2_1/src -s libs  "SHELL=CMD" "COMPILER=arm-none-eabi-gcc" "ARCHIVER=arm-none-eabi-ar" "COMPILER_FLAGS=  -O2 -c" "EXTRA_COMPILER_FLAGS=-mcpu=cortex-a9 -mfpu=vfpv3 -mfloat-abi=hard -nostartfiles -g -Wall -Wextra"
"Compiling scuwdt"
"Running Make libs in ps7_cortexa9_0/libsrc/standalone_v6_6/src"
make -C ps7_cortexa9_0/libsrc/standalone_v6_6/src -s libs  "SHELL=CMD" "COMPILER=arm-none-eabi-gcc" "ARCHIVER=arm-none-eabi-ar" "COMPILER_FLAGS=  -O2 -c" "EXTRA_COMPILER_FLAGS=-mcpu=cortex-a9 -mfpu=vfpv3 -mfloat-abi=hard -nostartfiles -g -Wall -Wextra"
"Compiling standalone"
In file included from sleep.c:57:0:
xtime_l.h:89:9: note: #pragma message: For the sleep routines, Global timer is being used
 #pragma message ("For the sleep routines, Global timer is being used")
         ^~~~~~~
In file included from usleep.c:60:0:
xtime_l.h:89:9: note: #pragma message: For the sleep routines, Global timer is being used
 #pragma message ("For the sleep routines, Global timer is being used")
         ^~~~~~~
In file included from xil_sleeptimer.c:54:0:
xtime_l.h:89:9: note: #pragma message: For the sleep routines, Global timer is being used
 #pragma message ("For the sleep routines, Global timer is being used")
         ^~~~~~~
In file included from xtime_l.c:53:0:
xtime_l.h:89:9: note: #pragma message: For the sleep routines, Global timer is being used
 #pragma message ("For the sleep routines, Global timer is being used")
         ^~~~~~~
"Running Make libs in ps7_cortexa9_0/libsrc/uartps_v3_6/src"
make -C ps7_cortexa9_0/libsrc/uartps_v3_6/src -s libs  "SHELL=CMD" "COMPILER=arm-none-eabi-gcc" "ARCHIVER=arm-none-eabi-ar" "COMPILER_FLAGS=  -O2 -c" "EXTRA_COMPILER_FLAGS=-mcpu=cortex-a9 -mfpu=vfpv3 -mfloat-abi=hard -nostartfiles -g -Wall -Wextra"
"Compiling uartps"
"Running Make libs in ps7_cortexa9_0/libsrc/xadcps_v2_2/src"
make -C ps7_cortexa9_0/libsrc/xadcps_v2_2/src -s libs  "SHELL=CMD" "COMPILER=arm-none-eabi-gcc" "ARCHIVER=arm-none-eabi-ar" "COMPILER_FLAGS=  -O2 -c" "EXTRA_COMPILER_FLAGS=-mcpu=cortex-a9 -mfpu=vfpv3 -mfloat-abi=hard -nostartfiles -g -Wall -Wextra"
"Compiling xadcps"
'Finished building libraries'
20:50:41 **** Build of configuration Debug for project encoder ****
make pre-build main-build 
a9-linaro-pre-build-step
' '
'Building file: ../src/encoder.c'
'Invoking: ARM v7 gcc compiler'
arm-none-eabi-gcc -Wall -O0 -g3 -c -fmessage-length=0 -MT"src/encoder.o" -mcpu=cortex-a9 -mfpu=vfpv3 -mfloat-abi=hard -I../../encoder_bsp/ps7_cortexa9_0/include -MMD -MP -MF"src/encoder.d" -MT"src/encoder.o" -o "src/encoder.o" "../src/encoder.c"
../src/encoder.c: In function 'main':
../src/encoder.c:22:6: warning: implicit declaration of function 'usleep' [-Wimplicit-function-declaration]
      usleep(50000);
      ^~~~~~
'Finished building: ../src/encoder.c'
' '
'Building target: encoder.elf'
'Invoking: ARM v7 gcc linker'
arm-none-eabi-gcc -mcpu=cortex-a9 -mfpu=vfpv3 -mfloat-abi=hard -Wl,-build-id=none -specs=Xilinx.spec -Wl,-T -Wl,../src/lscript.ld -L../../encoder_bsp/ps7_cortexa9_0/lib -o "encoder.elf"  ./src/encoder.o   -Wl,--start-group,-lxil,-lgcc,-lc,--end-group
'Finished building target: encoder.elf'
' '
'Invoking: ARM v7 Print Size'
arm-none-eabi-size encoder.elf  |tee "encoder.elf.size"
   text	   data	    bss	    dec	    hex	filename
  22316	   1144	  22568	  46028	   b3cc	encoder.elf
'Finished building: encoder.elf.size'
' '
20:50:44 **** Auto Build of configuration Debug for project encoder ****
make pre-build main-build 
a9-linaro-pre-build-step
' '
make: No se hace nada para `main-build'.
18:43:37 **** Clean-only build of configuration Debug for project encoder ****
make clean 
rm -rf  ./src/encoder.o  ./src/encoder.d  encoder.elf.size  encoder.elf
' '
18:43:39 **** Incremental Build of configuration Debug for project encoder ****
make pre-build main-build 
a9-linaro-pre-build-step
' '
'Building file: ../src/encoder.c'
'Invoking: ARM v7 gcc compiler'
arm-none-eabi-gcc -Wall -O0 -g3 -c -fmessage-length=0 -MT"src/encoder.o" -mcpu=cortex-a9 -mfpu=vfpv3 -mfloat-abi=hard -I../../encoder_bsp/ps7_cortexa9_0/include -MMD -MP -MF"src/encoder.d" -MT"src/encoder.o" -o "src/encoder.o" "../src/encoder.c"
../src/encoder.c: In function 'main':
../src/encoder.c:22:6: warning: implicit declaration of function 'usleep' [-Wimplicit-function-declaration]
      usleep(50000);
      ^~~~~~
'Finished building: ../src/encoder.c'
' '
'Building target: encoder.elf'
'Invoking: ARM v7 gcc linker'
arm-none-eabi-gcc -mcpu=cortex-a9 -mfpu=vfpv3 -mfloat-abi=hard -Wl,-build-id=none -specs=Xilinx.spec -Wl,-T -Wl,../src/lscript.ld -L../../encoder_bsp/ps7_cortexa9_0/lib -o "encoder.elf"  ./src/encoder.o   -Wl,--start-group,-lxil,-lgcc,-lc,--end-group
'Finished building target: encoder.elf'
' '
'Invoking: ARM v7 Print Size'
arm-none-eabi-size encoder.elf  |tee "encoder.elf.size"
   text	   data	    bss	    dec	    hex	filename
  22316	   1144	  22568	  46028	   b3cc	encoder.elf
'Finished building: encoder.elf.size'
' '
18:55:51 **** Incremental Build of configuration Debug for project encoder ****
make pre-build main-build 
a9-linaro-pre-build-step
' '
make: No se hace nada para `main-build'.
18:56:34 **** Incremental Build of configuration Debug for project encoder ****
make pre-build main-build 
a9-linaro-pre-build-step
' '
make: No se hace nada para `main-build'.
18:56:57 **** Incremental Build of configuration Debug for project encoder ****
make pre-build main-build 
a9-linaro-pre-build-step
' '
make: No se hace nada para `main-build'.
18:58:21 **** Incremental Build of configuration Debug for project encoder ****
make pre-build main-build 
a9-linaro-pre-build-step
' '
make: No se hace nada para `main-build'.
19:00:01 **** Incremental Build of configuration Debug for project encoder ****
make pre-build main-build 
a9-linaro-pre-build-step
' '
make: No se hace nada para `main-build'.
19:06:29 **** Incremental Build of configuration Debug for project encoder ****
make pre-build main-build 
a9-linaro-pre-build-step
' '
make: No se hace nada para `main-build'.
19:06:40 **** Incremental Build of configuration Debug for project encoder ****
make pre-build main-build 
a9-linaro-pre-build-step
' '
make: No se hace nada para `main-build'.
19:09:30 **** Incremental Build of configuration Debug for project encoder ****
make pre-build main-build 
a9-linaro-pre-build-step
' '
make: No se hace nada para `main-build'.
19:10:57 **** Incremental Build of configuration Debug for project encoder ****
make pre-build main-build 
a9-linaro-pre-build-step
' '
make: No se hace nada para `main-build'.
19:51:04 **** Build of project encoder_bsp ****
make -k all 
"Running Make include in ps7_cortexa9_0/libsrc/coresightps_dcc_v1_4/src"
make -C ps7_cortexa9_0/libsrc/coresightps_dcc_v1_4/src -s include  "SHELL=CMD" "COMPILER=arm-none-eabi-gcc" "ARCHIVER=arm-none-eabi-ar" "COMPILER_FLAGS=  -O2 -c" "EXTRA_COMPILER_FLAGS=-mcpu=cortex-a9 -mfpu=vfpv3 -mfloat-abi=hard -nostartfiles -g -Wall -Wextra"
"Running Make include in ps7_cortexa9_0/libsrc/cpu_cortexa9_v2_6/src"
make -C ps7_cortexa9_0/libsrc/cpu_cortexa9_v2_6/src -s include  "SHELL=CMD" "COMPILER=arm-none-eabi-gcc" "ARCHIVER=arm-none-eabi-ar" "COMPILER_FLAGS=  -O2 -c" "EXTRA_COMPILER_FLAGS=-mcpu=cortex-a9 -mfpu=vfpv3 -mfloat-abi=hard -nostartfiles -g -Wall -Wextra"
"Running Make include in ps7_cortexa9_0/libsrc/ddrps_v1_0/src"
make -C ps7_cortexa9_0/libsrc/ddrps_v1_0/src -s include  "SHELL=CMD" "COMPILER=arm-none-eabi-gcc" "ARCHIVER=arm-none-eabi-ar" "COMPILER_FLAGS=  -O2 -c" "EXTRA_COMPILER_FLAGS=-mcpu=cortex-a9 -mfpu=vfpv3 -mfloat-abi=hard -nostartfiles -g -Wall -Wextra"
"Running Make include in ps7_cortexa9_0/libsrc/devcfg_v3_5/src"
make -C ps7_cortexa9_0/libsrc/devcfg_v3_5/src -s include  "SHELL=CMD" "COMPILER=arm-none-eabi-gcc" "ARCHIVER=arm-none-eabi-ar" "COMPILER_FLAGS=  -O2 -c" "EXTRA_COMPILER_FLAGS=-mcpu=cortex-a9 -mfpu=vfpv3 -mfloat-abi=hard -nostartfiles -g -Wall -Wextra"
"Running Make include in ps7_cortexa9_0/libsrc/dmaps_v2_3/src"
make -C ps7_cortexa9_0/libsrc/dmaps_v2_3/src -s include  "SHELL=CMD" "COMPILER=arm-none-eabi-gcc" "ARCHIVER=arm-none-eabi-ar" "COMPILER_FLAGS=  -O2 -c" "EXTRA_COMPILER_FLAGS=-mcpu=cortex-a9 -mfpu=vfpv3 -mfloat-abi=hard -nostartfiles -g -Wall -Wextra"
"Running Make include in ps7_cortexa9_0/libsrc/encoder_ip_v1_0/src"
make -C ps7_cortexa9_0/libsrc/encoder_ip_v1_0/src -s include  "SHELL=CMD" "COMPILER=arm-none-eabi-gcc" "ARCHIVER=arm-none-eabi-ar" "COMPILER_FLAGS=  -O2 -c" "EXTRA_COMPILER_FLAGS=-mcpu=cortex-a9 -mfpu=vfpv3 -mfloat-abi=hard -nostartfiles -g -Wall -Wextra"
"Running Make include in ps7_cortexa9_0/libsrc/gpiops_v3_3/src"
make -C ps7_cortexa9_0/libsrc/gpiops_v3_3/src -s include  "SHELL=CMD" "COMPILER=arm-none-eabi-gcc" "ARCHIVER=arm-none-eabi-ar" "COMPILER_FLAGS=  -O2 -c" "EXTRA_COMPILER_FLAGS=-mcpu=cortex-a9 -mfpu=vfpv3 -mfloat-abi=hard -nostartfiles -g -Wall -Wextra"
"Running Make include in ps7_cortexa9_0/libsrc/scugic_v3_9/src"
make -C ps7_cortexa9_0/libsrc/scugic_v3_9/src -s include  "SHELL=CMD" "COMPILER=arm-none-eabi-gcc" "ARCHIVER=arm-none-eabi-ar" "COMPILER_FLAGS=  -O2 -c" "EXTRA_COMPILER_FLAGS=-mcpu=cortex-a9 -mfpu=vfpv3 -mfloat-abi=hard -nostartfiles -g -Wall -Wextra"
"Running Make include in ps7_cortexa9_0/libsrc/scutimer_v2_1/src"
make -C ps7_cortexa9_0/libsrc/scutimer_v2_1/src -s include  "SHELL=CMD" "COMPILER=arm-none-eabi-gcc" "ARCHIVER=arm-none-eabi-ar" "COMPILER_FLAGS=  -O2 -c" "EXTRA_COMPILER_FLAGS=-mcpu=cortex-a9 -mfpu=vfpv3 -mfloat-abi=hard -nostartfiles -g -Wall -Wextra"
"Running Make include in ps7_cortexa9_0/libsrc/scuwdt_v2_1/src"
make -C ps7_cortexa9_0/libsrc/scuwdt_v2_1/src -s include  "SHELL=CMD" "COMPILER=arm-none-eabi-gcc" "ARCHIVER=arm-none-eabi-ar" "COMPILER_FLAGS=  -O2 -c" "EXTRA_COMPILER_FLAGS=-mcpu=cortex-a9 -mfpu=vfpv3 -mfloat-abi=hard -nostartfiles -g -Wall -Wextra"
"Running Make include in ps7_cortexa9_0/libsrc/standalone_v6_6/src"
make -C ps7_cortexa9_0/libsrc/standalone_v6_6/src -s include  "SHELL=CMD" "COMPILER=arm-none-eabi-gcc" "ARCHIVER=arm-none-eabi-ar" "COMPILER_FLAGS=  -O2 -c" "EXTRA_COMPILER_FLAGS=-mcpu=cortex-a9 -mfpu=vfpv3 -mfloat-abi=hard -nostartfiles -g -Wall -Wextra"
"Running Make include in ps7_cortexa9_0/libsrc/uartps_v3_6/src"
make -C ps7_cortexa9_0/libsrc/uartps_v3_6/src -s include  "SHELL=CMD" "COMPILER=arm-none-eabi-gcc" "ARCHIVER=arm-none-eabi-ar" "COMPILER_FLAGS=  -O2 -c" "EXTRA_COMPILER_FLAGS=-mcpu=cortex-a9 -mfpu=vfpv3 -mfloat-abi=hard -nostartfiles -g -Wall -Wextra"
"Running Make include in ps7_cortexa9_0/libsrc/xadcps_v2_2/src"
make -C ps7_cortexa9_0/libsrc/xadcps_v2_2/src -s include  "SHELL=CMD" "COMPILER=arm-none-eabi-gcc" "ARCHIVER=arm-none-eabi-ar" "COMPILER_FLAGS=  -O2 -c" "EXTRA_COMPILER_FLAGS=-mcpu=cortex-a9 -mfpu=vfpv3 -mfloat-abi=hard -nostartfiles -g -Wall -Wextra"
"Running Make libs in ps7_cortexa9_0/libsrc/coresightps_dcc_v1_4/src"
make -C ps7_cortexa9_0/libsrc/coresightps_dcc_v1_4/src -s libs  "SHELL=CMD" "COMPILER=arm-none-eabi-gcc" "ARCHIVER=arm-none-eabi-ar" "COMPILER_FLAGS=  -O2 -c" "EXTRA_COMPILER_FLAGS=-mcpu=cortex-a9 -mfpu=vfpv3 -mfloat-abi=hard -nostartfiles -g -Wall -Wextra"
"Compiling coresightps_dcc"
"Running Make libs in ps7_cortexa9_0/libsrc/cpu_cortexa9_v2_6/src"
make -C ps7_cortexa9_0/libsrc/cpu_cortexa9_v2_6/src -s libs  "SHELL=CMD" "COMPILER=arm-none-eabi-gcc" "ARCHIVER=arm-none-eabi-ar" "COMPILER_FLAGS=  -O2 -c" "EXTRA_COMPILER_FLAGS=-mcpu=cortex-a9 -mfpu=vfpv3 -mfloat-abi=hard -nostartfiles -g -Wall -Wextra"
"Compiling cpu_cortexa9"
"Running Make libs in ps7_cortexa9_0/libsrc/ddrps_v1_0/src"
make -C ps7_cortexa9_0/libsrc/ddrps_v1_0/src -s libs  "SHELL=CMD" "COMPILER=arm-none-eabi-gcc" "ARCHIVER=arm-none-eabi-ar" "COMPILER_FLAGS=  -O2 -c" "EXTRA_COMPILER_FLAGS=-mcpu=cortex-a9 -mfpu=vfpv3 -mfloat-abi=hard -nostartfiles -g -Wall -Wextra"
"Compiling ddrps"
"Running Make libs in ps7_cortexa9_0/libsrc/devcfg_v3_5/src"
make -C ps7_cortexa9_0/libsrc/devcfg_v3_5/src -s libs  "SHELL=CMD" "COMPILER=arm-none-eabi-gcc" "ARCHIVER=arm-none-eabi-ar" "COMPILER_FLAGS=  -O2 -c" "EXTRA_COMPILER_FLAGS=-mcpu=cortex-a9 -mfpu=vfpv3 -mfloat-abi=hard -nostartfiles -g -Wall -Wextra"
"Compiling devcfg"
"Running Make libs in ps7_cortexa9_0/libsrc/dmaps_v2_3/src"
make -C ps7_cortexa9_0/libsrc/dmaps_v2_3/src -s libs  "SHELL=CMD" "COMPILER=arm-none-eabi-gcc" "ARCHIVER=arm-none-eabi-ar" "COMPILER_FLAGS=  -O2 -c" "EXTRA_COMPILER_FLAGS=-mcpu=cortex-a9 -mfpu=vfpv3 -mfloat-abi=hard -nostartfiles -g -Wall -Wextra"
"Compiling dmaps"
"Running Make libs in ps7_cortexa9_0/libsrc/encoder_ip_v1_0/src"
make -C ps7_cortexa9_0/libsrc/encoder_ip_v1_0/src -s libs  "SHELL=CMD" "COMPILER=arm-none-eabi-gcc" "ARCHIVER=arm-none-eabi-ar" "COMPILER_FLAGS=  -O2 -c" "EXTRA_COMPILER_FLAGS=-mcpu=cortex-a9 -mfpu=vfpv3 -mfloat-abi=hard -nostartfiles -g -Wall -Wextra"
"Compiling encoder_ip..."
encoder_ip_selftest.c: In function 'ENCODER_IP_Reg_SelfTest':
encoder_ip_selftest.c:52:59: warning: comparison between signed and unsigned integer expressions [-Wsign-compare]
    if ( ENCODER_IP_mReadReg (baseaddr, read_loop_index*4) != (read_loop_index+1)*READ_WRITE_MUL_FACTOR){
                                                           ^~
encoder_ip_selftest.c:36:6: warning: unused variable 'Index' [-Wunused-variable]
  int Index;
      ^~~~~
"Running Make libs in ps7_cortexa9_0/libsrc/gpiops_v3_3/src"
make -C ps7_cortexa9_0/libsrc/gpiops_v3_3/src -s libs  "SHELL=CMD" "COMPILER=arm-none-eabi-gcc" "ARCHIVER=arm-none-eabi-ar" "COMPILER_FLAGS=  -O2 -c" "EXTRA_COMPILER_FLAGS=-mcpu=cortex-a9 -mfpu=vfpv3 -mfloat-abi=hard -nostartfiles -g -Wall -Wextra"
"Compiling gpiops"
"Running Make libs in ps7_cortexa9_0/libsrc/scugic_v3_9/src"
make -C ps7_cortexa9_0/libsrc/scugic_v3_9/src -s libs  "SHELL=CMD" "COMPILER=arm-none-eabi-gcc" "ARCHIVER=arm-none-eabi-ar" "COMPILER_FLAGS=  -O2 -c" "EXTRA_COMPILER_FLAGS=-mcpu=cortex-a9 -mfpu=vfpv3 -mfloat-abi=hard -nostartfiles -g -Wall -Wextra"
"Compiling scugic"
"Running Make libs in ps7_cortexa9_0/libsrc/scutimer_v2_1/src"
make -C ps7_cortexa9_0/libsrc/scutimer_v2_1/src -s libs  "SHELL=CMD" "COMPILER=arm-none-eabi-gcc" "ARCHIVER=arm-none-eabi-ar" "COMPILER_FLAGS=  -O2 -c" "EXTRA_COMPILER_FLAGS=-mcpu=cortex-a9 -mfpu=vfpv3 -mfloat-abi=hard -nostartfiles -g -Wall -Wextra"
"Compiling scutimer"
"Running Make libs in ps7_cortexa9_0/libsrc/scuwdt_v2_1/src"
make -C ps7_cortexa9_0/libsrc/scuwdt_v2_1/src -s libs  "SHELL=CMD" "COMPILER=arm-none-eabi-gcc" "ARCHIVER=arm-none-eabi-ar" "COMPILER_FLAGS=  -O2 -c" "EXTRA_COMPILER_FLAGS=-mcpu=cortex-a9 -mfpu=vfpv3 -mfloat-abi=hard -nostartfiles -g -Wall -Wextra"
"Compiling scuwdt"
"Running Make libs in ps7_cortexa9_0/libsrc/standalone_v6_6/src"
make -C ps7_cortexa9_0/libsrc/standalone_v6_6/src -s libs  "SHELL=CMD" "COMPILER=arm-none-eabi-gcc" "ARCHIVER=arm-none-eabi-ar" "COMPILER_FLAGS=  -O2 -c" "EXTRA_COMPILER_FLAGS=-mcpu=cortex-a9 -mfpu=vfpv3 -mfloat-abi=hard -nostartfiles -g -Wall -Wextra"
"Compiling standalone"
In file included from sleep.c:57:0:
xtime_l.h:89:9: note: #pragma message: For the sleep routines, Global timer is being used
 #pragma message ("For the sleep routines, Global timer is being used")
         ^~~~~~~
In file included from usleep.c:60:0:
xtime_l.h:89:9: note: #pragma message: For the sleep routines, Global timer is being used
 #pragma message ("For the sleep routines, Global timer is being used")
         ^~~~~~~
In file included from xil_sleeptimer.c:54:0:
xtime_l.h:89:9: note: #pragma message: For the sleep routines, Global timer is being used
 #pragma message ("For the sleep routines, Global timer is being used")
         ^~~~~~~
In file included from xtime_l.c:53:0:
xtime_l.h:89:9: note: #pragma message: For the sleep routines, Global timer is being used
 #pragma message ("For the sleep routines, Global timer is being used")
         ^~~~~~~
"Running Make libs in ps7_cortexa9_0/libsrc/uartps_v3_6/src"
make -C ps7_cortexa9_0/libsrc/uartps_v3_6/src -s libs  "SHELL=CMD" "COMPILER=arm-none-eabi-gcc" "ARCHIVER=arm-none-eabi-ar" "COMPILER_FLAGS=  -O2 -c" "EXTRA_COMPILER_FLAGS=-mcpu=cortex-a9 -mfpu=vfpv3 -mfloat-abi=hard -nostartfiles -g -Wall -Wextra"
"Compiling uartps"
"Running Make libs in ps7_cortexa9_0/libsrc/xadcps_v2_2/src"
make -C ps7_cortexa9_0/libsrc/xadcps_v2_2/src -s libs  "SHELL=CMD" "COMPILER=arm-none-eabi-gcc" "ARCHIVER=arm-none-eabi-ar" "COMPILER_FLAGS=  -O2 -c" "EXTRA_COMPILER_FLAGS=-mcpu=cortex-a9 -mfpu=vfpv3 -mfloat-abi=hard -nostartfiles -g -Wall -Wextra"
"Compiling xadcps"
'Finished building libraries'
19:51:57 **** Build of configuration Debug for project encoder ****
make pre-build main-build 
a9-linaro-pre-build-step
' '
'Building file: ../src/encoder.c'
'Invoking: ARM v7 gcc compiler'
arm-none-eabi-gcc -Wall -O0 -g3 -c -fmessage-length=0 -MT"src/encoder.o" -mcpu=cortex-a9 -mfpu=vfpv3 -mfloat-abi=hard -I../../encoder_bsp/ps7_cortexa9_0/include -MMD -MP -MF"src/encoder.d" -MT"src/encoder.o" -o "src/encoder.o" "../src/encoder.c"
../src/encoder.c: In function 'main':
../src/encoder.c:22:6: warning: implicit declaration of function 'usleep' [-Wimplicit-function-declaration]
      usleep(50000);
      ^~~~~~
'Finished building: ../src/encoder.c'
' '
'Building target: encoder.elf'
'Invoking: ARM v7 gcc linker'
arm-none-eabi-gcc -mcpu=cortex-a9 -mfpu=vfpv3 -mfloat-abi=hard -Wl,-build-id=none -specs=Xilinx.spec -Wl,-T -Wl,../src/lscript.ld -L../../encoder_bsp/ps7_cortexa9_0/lib -o "encoder.elf"  ./src/encoder.o   -Wl,--start-group,-lxil,-lgcc,-lc,--end-group
'Finished building target: encoder.elf'
' '
'Invoking: ARM v7 Print Size'
arm-none-eabi-size encoder.elf  |tee "encoder.elf.size"
   text	   data	    bss	    dec	    hex	filename
  22316	   1144	  22568	  46028	   b3cc	encoder.elf
'Finished building: encoder.elf.size'
' '
21:27:41 **** Auto Build of configuration Debug for project encoder ****
make pre-build main-build 
a9-linaro-pre-build-step
' '
'Building file: ../src/encoder.c'
'Invoking: ARM v7 gcc compiler'
arm-none-eabi-gcc -Wall -O0 -g3 -c -fmessage-length=0 -MT"src/encoder.o" -mcpu=cortex-a9 -mfpu=vfpv3 -mfloat-abi=hard -I../../encoder_bsp/ps7_cortexa9_0/include -MMD -MP -MF"src/encoder.d" -MT"src/encoder.o" -o "src/encoder.o" "../src/encoder.c"
../src/encoder.c: In function 'main':
../src/encoder.c:24:6: warning: implicit declaration of function 'usleep' [-Wimplicit-function-declaration]
      usleep(50000);
      ^~~~~~
'Finished building: ../src/encoder.c'
' '
'Building target: encoder.elf'
'Invoking: ARM v7 gcc linker'
arm-none-eabi-gcc -mcpu=cortex-a9 -mfpu=vfpv3 -mfloat-abi=hard -Wl,-build-id=none -specs=Xilinx.spec -Wl,-T -Wl,../src/lscript.ld -L../../encoder_bsp/ps7_cortexa9_0/lib -o "encoder.elf"  ./src/encoder.o   -Wl,--start-group,-lxil,-lgcc,-lc,--end-group
'Finished building target: encoder.elf'
' '
'Invoking: ARM v7 Print Size'
arm-none-eabi-size encoder.elf  |tee "encoder.elf.size"
   text	   data	    bss	    dec	    hex	filename
  22380	   1144	  22568	  46092	   b40c	encoder.elf
'Finished building: encoder.elf.size'
' '
21:28:26 **** Incremental Build of configuration Debug for project encoder ****
make pre-build main-build 
a9-linaro-pre-build-step
' '
make: No se hace nada para `main-build'.
21:30:37 **** Auto Build of configuration Debug for project encoder ****
make pre-build main-build 
a9-linaro-pre-build-step
' '
'Building file: ../src/encoder.c'
'Invoking: ARM v7 gcc compiler'
arm-none-eabi-gcc -Wall -O0 -g3 -c -fmessage-length=0 -MT"src/encoder.o" -mcpu=cortex-a9 -mfpu=vfpv3 -mfloat-abi=hard -I../../encoder_bsp/ps7_cortexa9_0/include -MMD -MP -MF"src/encoder.d" -MT"src/encoder.o" -o "src/encoder.o" "../src/encoder.c"
../src/encoder.c: In function 'main':
../src/encoder.c:24:6: warning: implicit declaration of function 'usleep' [-Wimplicit-function-declaration]
      usleep(50000);
      ^~~~~~
'Finished building: ../src/encoder.c'
' '
'Building target: encoder.elf'
'Invoking: ARM v7 gcc linker'
arm-none-eabi-gcc -mcpu=cortex-a9 -mfpu=vfpv3 -mfloat-abi=hard -Wl,-build-id=none -specs=Xilinx.spec -Wl,-T -Wl,../src/lscript.ld -L../../encoder_bsp/ps7_cortexa9_0/lib -o "encoder.elf"  ./src/encoder.o   -Wl,--start-group,-lxil,-lgcc,-lc,--end-group
'Finished building target: encoder.elf'
' '
'Invoking: ARM v7 Print Size'
arm-none-eabi-size encoder.elf  |tee "encoder.elf.size"
   text	   data	    bss	    dec	    hex	filename
  22316	   1144	  22568	  46028	   b3cc	encoder.elf
'Finished building: encoder.elf.size'
' '
21:30:58 **** Incremental Build of configuration Debug for project encoder ****
make pre-build main-build 
a9-linaro-pre-build-step
' '
make: No se hace nada para `main-build'.
21:36:47 **** Incremental Build of configuration Debug for project encoder ****
make pre-build main-build 
a9-linaro-pre-build-step
' '
'Building file: ../src/encoder.c'
'Invoking: ARM v7 gcc compiler'
arm-none-eabi-gcc -Wall -O0 -g3 -c -fmessage-length=0 -MT"src/encoder.o" -mcpu=cortex-a9 -mfpu=vfpv3 -mfloat-abi=hard -I../../encoder_bsp/ps7_cortexa9_0/include -MMD -MP -MF"src/encoder.d" -MT"src/encoder.o" -o "src/encoder.o" "../src/encoder.c"
../src/encoder.c: In function 'main':
../src/encoder.c:24:6: warning: implicit declaration of function 'usleep' [-Wimplicit-function-declaration]
      usleep(50000);
      ^~~~~~
'Finished building: ../src/encoder.c'
' '
'Building target: encoder.elf'
'Invoking: ARM v7 gcc linker'
arm-none-eabi-gcc -mcpu=cortex-a9 -mfpu=vfpv3 -mfloat-abi=hard -Wl,-build-id=none -specs=Xilinx.spec -Wl,-T -Wl,../src/lscript.ld -L../../encoder_bsp/ps7_cortexa9_0/lib -o "encoder.elf"  ./src/encoder.o   -Wl,--start-group,-lxil,-lgcc,-lc,--end-group
'Finished building target: encoder.elf'
' '
'Invoking: ARM v7 Print Size'
arm-none-eabi-size encoder.elf  |tee "encoder.elf.size"
   text	   data	    bss	    dec	    hex	filename
  22316	   1144	  22568	  46028	   b3cc	encoder.elf
'Finished building: encoder.elf.size'
' '
21:39:55 **** Auto Build of configuration Debug for project encoder ****
make pre-build main-build 
a9-linaro-pre-build-step
' '
'Building file: ../src/encoder.c'
'Invoking: ARM v7 gcc compiler'
arm-none-eabi-gcc -Wall -O0 -g3 -c -fmessage-length=0 -MT"src/encoder.o" -mcpu=cortex-a9 -mfpu=vfpv3 -mfloat-abi=hard -I../../encoder_bsp/ps7_cortexa9_0/include -MMD -MP -MF"src/encoder.d" -MT"src/encoder.o" -o "src/encoder.o" "../src/encoder.c"
../src/encoder.c: In function 'main':
../src/encoder.c:24:6: warning: implicit declaration of function 'usleep' [-Wimplicit-function-declaration]
      usleep(50000);
      ^~~~~~
'Finished building: ../src/encoder.c'
' '
'Building target: encoder.elf'
'Invoking: ARM v7 gcc linker'
arm-none-eabi-gcc -mcpu=cortex-a9 -mfpu=vfpv3 -mfloat-abi=hard -Wl,-build-id=none -specs=Xilinx.spec -Wl,-T -Wl,../src/lscript.ld -L../../encoder_bsp/ps7_cortexa9_0/lib -o "encoder.elf"  ./src/encoder.o   -Wl,--start-group,-lxil,-lgcc,-lc,--end-group
'Finished building target: encoder.elf'
' '
'Invoking: ARM v7 Print Size'
arm-none-eabi-size encoder.elf  |tee "encoder.elf.size"
   text	   data	    bss	    dec	    hex	filename
  22380	   1144	  22568	  46092	   b40c	encoder.elf
'Finished building: encoder.elf.size'
' '
21:40:04 **** Incremental Build of configuration Debug for project encoder ****
make pre-build main-build 
a9-linaro-pre-build-step
' '
make: No se hace nada para `main-build'.
21:41:40 **** Auto Build of configuration Debug for project encoder ****
make pre-build main-build 
a9-linaro-pre-build-step
' '
'Building file: ../src/encoder.c'
'Invoking: ARM v7 gcc compiler'
arm-none-eabi-gcc -Wall -O0 -g3 -c -fmessage-length=0 -MT"src/encoder.o" -mcpu=cortex-a9 -mfpu=vfpv3 -mfloat-abi=hard -I../../encoder_bsp/ps7_cortexa9_0/include -MMD -MP -MF"src/encoder.d" -MT"src/encoder.o" -o "src/encoder.o" "../src/encoder.c"
../src/encoder.c: In function 'main':
../src/encoder.c:24:6: warning: implicit declaration of function 'usleep' [-Wimplicit-function-declaration]
      usleep(50000);
      ^~~~~~
'Finished building: ../src/encoder.c'
' '
'Building target: encoder.elf'
'Invoking: ARM v7 gcc linker'
arm-none-eabi-gcc -mcpu=cortex-a9 -mfpu=vfpv3 -mfloat-abi=hard -Wl,-build-id=none -specs=Xilinx.spec -Wl,-T -Wl,../src/lscript.ld -L../../encoder_bsp/ps7_cortexa9_0/lib -o "encoder.elf"  ./src/encoder.o   -Wl,--start-group,-lxil,-lgcc,-lc,--end-group
'Finished building target: encoder.elf'
' '
'Invoking: ARM v7 Print Size'
arm-none-eabi-size encoder.elf  |tee "encoder.elf.size"
   text	   data	    bss	    dec	    hex	filename
  22380	   1144	  22568	  46092	   b40c	encoder.elf
'Finished building: encoder.elf.size'
' '
21:42:03 **** Incremental Build of configuration Debug for project encoder ****
make pre-build main-build 
a9-linaro-pre-build-step
' '
make: No se hace nada para `main-build'.
21:42:58 **** Auto Build of configuration Debug for project encoder ****
make pre-build main-build 
a9-linaro-pre-build-step
' '
'Building file: ../src/encoder.c'
'Invoking: ARM v7 gcc compiler'
arm-none-eabi-gcc -Wall -O0 -g3 -c -fmessage-length=0 -MT"src/encoder.o" -mcpu=cortex-a9 -mfpu=vfpv3 -mfloat-abi=hard -I../../encoder_bsp/ps7_cortexa9_0/include -MMD -MP -MF"src/encoder.d" -MT"src/encoder.o" -o "src/encoder.o" "../src/encoder.c"
../src/encoder.c: In function 'main':
../src/encoder.c:25:6: warning: implicit declaration of function 'usleep' [-Wimplicit-function-declaration]
      usleep(50000);
      ^~~~~~
'Finished building: ../src/encoder.c'
' '
'Building target: encoder.elf'
'Invoking: ARM v7 gcc linker'
arm-none-eabi-gcc -mcpu=cortex-a9 -mfpu=vfpv3 -mfloat-abi=hard -Wl,-build-id=none -specs=Xilinx.spec -Wl,-T -Wl,../src/lscript.ld -L../../encoder_bsp/ps7_cortexa9_0/lib -o "encoder.elf"  ./src/encoder.o   -Wl,--start-group,-lxil,-lgcc,-lc,--end-group
'Finished building target: encoder.elf'
' '
'Invoking: ARM v7 Print Size'
arm-none-eabi-size encoder.elf  |tee "encoder.elf.size"
   text	   data	    bss	    dec	    hex	filename
  22380	   1144	  22568	  46092	   b40c	encoder.elf
'Finished building: encoder.elf.size'
' '
21:43:28 **** Incremental Build of configuration Debug for project encoder ****
make pre-build main-build 
a9-linaro-pre-build-step
' '
make: No se hace nada para `main-build'.
21:44:21 **** Auto Build of configuration Debug for project encoder ****
make pre-build main-build 
a9-linaro-pre-build-step
' '
'Building file: ../src/encoder.c'
'Invoking: ARM v7 gcc compiler'
arm-none-eabi-gcc -Wall -O0 -g3 -c -fmessage-length=0 -MT"src/encoder.o" -mcpu=cortex-a9 -mfpu=vfpv3 -mfloat-abi=hard -I../../encoder_bsp/ps7_cortexa9_0/include -MMD -MP -MF"src/encoder.d" -MT"src/encoder.o" -o "src/encoder.o" "../src/encoder.c"
../src/encoder.c: In function 'main':
../src/encoder.c:25:6: warning: implicit declaration of function 'usleep' [-Wimplicit-function-declaration]
      usleep(50000);
      ^~~~~~
../src/encoder.c:14:8: warning: variable 'posicion' set but not used [-Wunused-but-set-variable]
  float posicion;
        ^~~~~~~~
'Finished building: ../src/encoder.c'
' '
'Building target: encoder.elf'
'Invoking: ARM v7 gcc linker'
arm-none-eabi-gcc -mcpu=cortex-a9 -mfpu=vfpv3 -mfloat-abi=hard -Wl,-build-id=none -specs=Xilinx.spec -Wl,-T -Wl,../src/lscript.ld -L../../encoder_bsp/ps7_cortexa9_0/lib -o "encoder.elf"  ./src/encoder.o   -Wl,--start-group,-lxil,-lgcc,-lc,--end-group
'Finished building target: encoder.elf'
' '
'Invoking: ARM v7 Print Size'
arm-none-eabi-size encoder.elf  |tee "encoder.elf.size"
   text	   data	    bss	    dec	    hex	filename
  22316	   1144	  22568	  46028	   b3cc	encoder.elf
'Finished building: encoder.elf.size'
' '
21:44:42 **** Incremental Build of configuration Debug for project encoder ****
make pre-build main-build 
a9-linaro-pre-build-step
' '
make: No se hace nada para `main-build'.
21:45:11 **** Auto Build of configuration Debug for project encoder ****
make pre-build main-build 
a9-linaro-pre-build-step
' '
'Building file: ../src/encoder.c'
'Invoking: ARM v7 gcc compiler'
arm-none-eabi-gcc -Wall -O0 -g3 -c -fmessage-length=0 -MT"src/encoder.o" -mcpu=cortex-a9 -mfpu=vfpv3 -mfloat-abi=hard -I../../encoder_bsp/ps7_cortexa9_0/include -MMD -MP -MF"src/encoder.d" -MT"src/encoder.o" -o "src/encoder.o" "../src/encoder.c"
../src/encoder.c: In function 'main':
../src/encoder.c:25:6: warning: implicit declaration of function 'usleep' [-Wimplicit-function-declaration]
      usleep(50000);
      ^~~~~~
../src/encoder.c:14:8: warning: variable 'posicion' set but not used [-Wunused-but-set-variable]
  float posicion;
        ^~~~~~~~
'Finished building: ../src/encoder.c'
' '
'Building target: encoder.elf'
'Invoking: ARM v7 gcc linker'
arm-none-eabi-gcc -mcpu=cortex-a9 -mfpu=vfpv3 -mfloat-abi=hard -Wl,-build-id=none -specs=Xilinx.spec -Wl,-T -Wl,../src/lscript.ld -L../../encoder_bsp/ps7_cortexa9_0/lib -o "encoder.elf"  ./src/encoder.o   -Wl,--start-group,-lxil,-lgcc,-lc,--end-group
'Finished building target: encoder.elf'
' '
'Invoking: ARM v7 Print Size'
arm-none-eabi-size encoder.elf  |tee "encoder.elf.size"
   text	   data	    bss	    dec	    hex	filename
  22316	   1144	  22568	  46028	   b3cc	encoder.elf
'Finished building: encoder.elf.size'
' '
21:45:27 **** Incremental Build of configuration Debug for project encoder ****
make pre-build main-build 
a9-linaro-pre-build-step
' '
make: No se hace nada para `main-build'.
21:45:43 **** Auto Build of configuration Debug for project encoder ****
make pre-build main-build 
a9-linaro-pre-build-step
' '
'Building file: ../src/encoder.c'
'Invoking: ARM v7 gcc compiler'
arm-none-eabi-gcc -Wall -O0 -g3 -c -fmessage-length=0 -MT"src/encoder.o" -mcpu=cortex-a9 -mfpu=vfpv3 -mfloat-abi=hard -I../../encoder_bsp/ps7_cortexa9_0/include -MMD -MP -MF"src/encoder.d" -MT"src/encoder.o" -o "src/encoder.o" "../src/encoder.c"
../src/encoder.c: In function 'main':
../src/encoder.c:25:6: warning: implicit declaration of function 'usleep' [-Wimplicit-function-declaration]
      usleep(50000);
      ^~~~~~
../src/encoder.c:14:8: warning: variable 'posicion' set but not used [-Wunused-but-set-variable]
  float posicion;
        ^~~~~~~~
'Finished building: ../src/encoder.c'
' '
'Building target: encoder.elf'
'Invoking: ARM v7 gcc linker'
arm-none-eabi-gcc -mcpu=cortex-a9 -mfpu=vfpv3 -mfloat-abi=hard -Wl,-build-id=none -specs=Xilinx.spec -Wl,-T -Wl,../src/lscript.ld -L../../encoder_bsp/ps7_cortexa9_0/lib -o "encoder.elf"  ./src/encoder.o   -Wl,--start-group,-lxil,-lgcc,-lc,--end-group
'Finished building target: encoder.elf'
' '
'Invoking: ARM v7 Print Size'
arm-none-eabi-size encoder.elf  |tee "encoder.elf.size"
   text	   data	    bss	    dec	    hex	filename
  22316	   1144	  22568	  46028	   b3cc	encoder.elf
'Finished building: encoder.elf.size'
' '
21:46:01 **** Incremental Build of configuration Debug for project encoder ****
make pre-build main-build 
a9-linaro-pre-build-step
' '
make: No se hace nada para `main-build'.
21:46:37 **** Incremental Build of configuration Debug for project encoder ****
make pre-build main-build 
a9-linaro-pre-build-step
' '
'Building file: ../src/encoder.c'
'Invoking: ARM v7 gcc compiler'
arm-none-eabi-gcc -Wall -O0 -g3 -c -fmessage-length=0 -MT"src/encoder.o" -mcpu=cortex-a9 -mfpu=vfpv3 -mfloat-abi=hard -I../../encoder_bsp/ps7_cortexa9_0/include -MMD -MP -MF"src/encoder.d" -MT"src/encoder.o" -o "src/encoder.o" "../src/encoder.c"
../src/encoder.c: In function 'main':
../src/encoder.c:25:6: warning: implicit declaration of function 'usleep' [-Wimplicit-function-declaration]
      usleep(50000);
      ^~~~~~
../src/encoder.c:14:8: warning: variable 'posicion' set but not used [-Wunused-but-set-variable]
  float posicion;
        ^~~~~~~~
'Finished building: ../src/encoder.c'
' '
'Building target: encoder.elf'
'Invoking: ARM v7 gcc linker'
arm-none-eabi-gcc -mcpu=cortex-a9 -mfpu=vfpv3 -mfloat-abi=hard -Wl,-build-id=none -specs=Xilinx.spec -Wl,-T -Wl,../src/lscript.ld -L../../encoder_bsp/ps7_cortexa9_0/lib -o "encoder.elf"  ./src/encoder.o   -Wl,--start-group,-lxil,-lgcc,-lc,--end-group
'Finished building target: encoder.elf'
' '
'Invoking: ARM v7 Print Size'
arm-none-eabi-size encoder.elf  |tee "encoder.elf.size"
   text	   data	    bss	    dec	    hex	filename
  22316	   1144	  22568	  46028	   b3cc	encoder.elf
'Finished building: encoder.elf.size'
' '
21:47:11 **** Incremental Build of configuration Debug for project encoder ****
make pre-build main-build 
a9-linaro-pre-build-step
' '
'Building file: ../src/encoder.c'
'Invoking: ARM v7 gcc compiler'
arm-none-eabi-gcc -Wall -O0 -g3 -c -fmessage-length=0 -MT"src/encoder.o" -mcpu=cortex-a9 -mfpu=vfpv3 -mfloat-abi=hard -I../../encoder_bsp/ps7_cortexa9_0/include -MMD -MP -MF"src/encoder.d" -MT"src/encoder.o" -o "src/encoder.o" "../src/encoder.c"
../src/encoder.c: In function 'main':
../src/encoder.c:25:6: warning: implicit declaration of function 'usleep' [-Wimplicit-function-declaration]
      usleep(50000);
      ^~~~~~
../src/encoder.c:14:8: warning: variable 'posicion' set but not used [-Wunused-but-set-variable]
  float posicion;
        ^~~~~~~~
'Finished building: ../src/encoder.c'
' '
'Building target: encoder.elf'
'Invoking: ARM v7 gcc linker'
arm-none-eabi-gcc -mcpu=cortex-a9 -mfpu=vfpv3 -mfloat-abi=hard -Wl,-build-id=none -specs=Xilinx.spec -Wl,-T -Wl,../src/lscript.ld -L../../encoder_bsp/ps7_cortexa9_0/lib -o "encoder.elf"  ./src/encoder.o   -Wl,--start-group,-lxil,-lgcc,-lc,--end-group
'Finished building target: encoder.elf'
' '
'Invoking: ARM v7 Print Size'
arm-none-eabi-size encoder.elf  |tee "encoder.elf.size"
   text	   data	    bss	    dec	    hex	filename
  22316	   1144	  22568	  46028	   b3cc	encoder.elf
'Finished building: encoder.elf.size'
' '
21:48:03 **** Incremental Build of configuration Debug for project encoder ****
make pre-build main-build 
a9-linaro-pre-build-step
' '
'Building file: ../src/encoder.c'
'Invoking: ARM v7 gcc compiler'
arm-none-eabi-gcc -Wall -O0 -g3 -c -fmessage-length=0 -MT"src/encoder.o" -mcpu=cortex-a9 -mfpu=vfpv3 -mfloat-abi=hard -I../../encoder_bsp/ps7_cortexa9_0/include -MMD -MP -MF"src/encoder.d" -MT"src/encoder.o" -o "src/encoder.o" "../src/encoder.c"
../src/encoder.c: In function 'main':
../src/encoder.c:25:6: warning: implicit declaration of function 'usleep' [-Wimplicit-function-declaration]
      usleep(50000);
      ^~~~~~
'Finished building: ../src/encoder.c'
' '
'Building target: encoder.elf'
'Invoking: ARM v7 gcc linker'
arm-none-eabi-gcc -mcpu=cortex-a9 -mfpu=vfpv3 -mfloat-abi=hard -Wl,-build-id=none -specs=Xilinx.spec -Wl,-T -Wl,../src/lscript.ld -L../../encoder_bsp/ps7_cortexa9_0/lib -o "encoder.elf"  ./src/encoder.o   -Wl,--start-group,-lxil,-lgcc,-lc,--end-group
'Finished building target: encoder.elf'
' '
'Invoking: ARM v7 Print Size'
arm-none-eabi-size encoder.elf  |tee "encoder.elf.size"
   text	   data	    bss	    dec	    hex	filename
  22316	   1144	  22568	  46028	   b3cc	encoder.elf
'Finished building: encoder.elf.size'
' '
10:01:11 **** Auto Build of configuration Debug for project encoder ****
make pre-build main-build 
a9-linaro-pre-build-step
' '
'Building file: ../src/encoder.c'
'Invoking: ARM v7 gcc compiler'
arm-none-eabi-gcc -Wall -O0 -g3 -c -fmessage-length=0 -MT"src/encoder.o" -mcpu=cortex-a9 -mfpu=vfpv3 -mfloat-abi=hard -I../../encoder_bsp/ps7_cortexa9_0/include -MMD -MP -MF"src/encoder.d" -MT"src/encoder.o" -o "src/encoder.o" "../src/encoder.c"
../src/encoder.c: In function 'main':
../src/encoder.c:25:6: warning: implicit declaration of function 'usleep' [-Wimplicit-function-declaration]
      usleep(50000);
      ^~~~~~
'Finished building: ../src/encoder.c'
' '
'Building target: encoder.elf'
'Invoking: ARM v7 gcc linker'
arm-none-eabi-gcc -mcpu=cortex-a9 -mfpu=vfpv3 -mfloat-abi=hard -Wl,-build-id=none -specs=Xilinx.spec -Wl,-T -Wl,../src/lscript.ld -L../../encoder_bsp/ps7_cortexa9_0/lib -o "encoder.elf"  ./src/encoder.o   -Wl,--start-group,-lxil,-lgcc,-lc,--end-group
'Finished building target: encoder.elf'
' '
'Invoking: ARM v7 Print Size'
arm-none-eabi-size encoder.elf  |tee "encoder.elf.size"
   text	   data	    bss	    dec	    hex	filename
  22316	   1144	  22568	  46028	   b3cc	encoder.elf
'Finished building: encoder.elf.size'
' '
23:12:14 **** Incremental Build of configuration Debug for project encoder ****
make pre-build main-build 
a9-linaro-pre-build-step
' '
make: No se hace nada para `main-build'.
11:34:40 **** Incremental Build of configuration Debug for project encoder ****
make pre-build main-build 
a9-linaro-pre-build-step
' '
make: No se hace nada para `main-build'.
20:27:36 **** Incremental Build of configuration Debug for project encoder ****
make pre-build main-build 
a9-linaro-pre-build-step
' '
make: No se hace nada para `main-build'.
22:12:27 **** Incremental Build of configuration Debug for project encoder ****
make pre-build main-build 
a9-linaro-pre-build-step
' '
make: No se hace nada para `main-build'.
11:03:04 **** Incremental Build of configuration Debug for project encoder ****
make pre-build main-build 
a9-linaro-pre-build-step
' '
make: No se hace nada para `main-build'.
12:51:38 **** Incremental Build of configuration Debug for project encoder ****
make pre-build main-build 
a9-linaro-pre-build-step
' '
make: No se hace nada para `main-build'.
13:03:23 **** Auto Build of configuration Debug for project encoder ****
make pre-build main-build 
a9-linaro-pre-build-step
' '
make: No se hace nada para `main-build'.
13:11:47 **** Incremental Build of configuration Debug for project encoder ****
make pre-build main-build 
a9-linaro-pre-build-step
' '
make: No se hace nada para `main-build'.
