19:43:09 **** Build of project encoder_bsp ****
make -k all 
"Running Make include in ps7_cortexa9_0/libsrc/coresightps_dcc_v1_4/src"
make -C ps7_cortexa9_0/libsrc/coresightps_dcc_v1_4/src -s include  "SHELL=CMD" "COMPILER=arm-none-eabi-gcc" "ARCHIVER=arm-none-eabi-ar" "COMPILER_FLAGS=  -O2 -c" "EXTRA_COMPILER_FLAGS=-mcpu=cortex-a9 -mfpu=vfpv3 -mfloat-abi=hard -nostartfiles -g -Wall -Wextra"
"Running Make include in ps7_cortexa9_0/libsrc/cpu_cortexa9_v2_6/src"
make -C ps7_cortexa9_0/libsrc/cpu_cortexa9_v2_6/src -s include  "SHELL=CMD" "COMPILER=arm-none-eabi-gcc" "ARCHIVER=arm-none-eabi-ar" "COMPILER_FLAGS=  -O2 -c" "EXTRA_COMPILER_FLAGS=-mcpu=cortex-a9 -mfpu=vfpv3 -mfloat-abi=hard -nostartfiles -g -Wall -Wextra"
"Running Make include in ps7_cortexa9_0/libsrc/ddrps_v1_0/src"
make -C ps7_cortexa9_0/libsrc/ddrps_v1_0/src -s include  "SHELL=CMD" "COMPILER=arm-none-eabi-gcc" "ARCHIVER=arm-none-eabi-ar" "COMPILER_FLAGS=  -O2 -c" "EXTRA_COMPILER_FLAGS=-mcpu=cortex-a9 -mfpu=vfpv3 -mfloat-abi=hard -nostartfiles -g -Wall -Wextra"
"Running Make include in ps7_cortexa9_0/libsrc/devcfg_v3_5/src"
make -C ps7_cortexa9_0/libsrc/devcfg_v3_5/src -s include  "SHELL=CMD" "COMPILER=arm-none-eabi-gcc" "ARCHIVER=arm-none-eabi-ar" "COMPILER_FLAGS=  -O2 -c" "EXTRA_COMPILER_FLAGS=-mcpu=cortex-a9 -mfpu=vfpv3 -mfloat-abi=hard -nostartfiles -g -Wall -Wextra"
"Running Make include in ps7_cortexa9_0/libsrc/dmaps_v2_3/src"
make -C ps7_cortexa9_0/libsrc/dmaps_v2_3/src -s include  "SHELL=CMD" "COMPILER=arm-none-eabi-gcc" "ARCHIVER=arm-none-eabi-ar" "COMPILER_FLAGS=  -O2 -c" "EXTRA_COMPILER_FLAGS=-mcpu=cortex-a9 -mfpu=vfpv3 -mfloat-abi=hard -nostartfiles -g -Wall -Wextra"
"Running Make include in ps7_cortexa9_0/libsrc/encoder_ip_v1_0/src"
make -C ps7_cortexa9_0/libsrc/encoder_ip_v1_0/src -s include  "SHELL=CMD" "COMPILER=arm-none-eabi-gcc" "ARCHIVER=arm-none-eabi-ar" "COMPILER_FLAGS=  -O2 -c" "EXTRA_COMPILER_FLAGS=-mcpu=cortex-a9 -mfpu=vfpv3 -mfloat-abi=hard -nostartfiles -g -Wall -Wextra"
"Running Make include in ps7_cortexa9_0/libsrc/qspips_v3_4/src"
make -C ps7_cortexa9_0/libsrc/qspips_v3_4/src -s include  "SHELL=CMD" "COMPILER=arm-none-eabi-gcc" "ARCHIVER=arm-none-eabi-ar" "COMPILER_FLAGS=  -O2 -c" "EXTRA_COMPILER_FLAGS=-mcpu=cortex-a9 -mfpu=vfpv3 -mfloat-abi=hard -nostartfiles -g -Wall -Wextra"
"Running Make include in ps7_cortexa9_0/libsrc/scugic_v3_9/src"
make -C ps7_cortexa9_0/libsrc/scugic_v3_9/src -s include  "SHELL=CMD" "COMPILER=arm-none-eabi-gcc" "ARCHIVER=arm-none-eabi-ar" "COMPILER_FLAGS=  -O2 -c" "EXTRA_COMPILER_FLAGS=-mcpu=cortex-a9 -mfpu=vfpv3 -mfloat-abi=hard -nostartfiles -g -Wall -Wextra"
"Running Make include in ps7_cortexa9_0/libsrc/scutimer_v2_1/src"
make -C ps7_cortexa9_0/libsrc/scutimer_v2_1/src -s include  "SHELL=CMD" "COMPILER=arm-none-eabi-gcc" "ARCHIVER=arm-none-eabi-ar" "COMPILER_FLAGS=  -O2 -c" "EXTRA_COMPILER_FLAGS=-mcpu=cortex-a9 -mfpu=vfpv3 -mfloat-abi=hard -nostartfiles -g -Wall -Wextra"
"Running Make include in ps7_cortexa9_0/libsrc/scuwdt_v2_1/src"
make -C ps7_cortexa9_0/libsrc/scuwdt_v2_1/src -s include  "SHELL=CMD" "COMPILER=arm-none-eabi-gcc" "ARCHIVER=arm-none-eabi-ar" "COMPILER_FLAGS=  -O2 -c" "EXTRA_COMPILER_FLAGS=-mcpu=cortex-a9 -mfpu=vfpv3 -mfloat-abi=hard -nostartfiles -g -Wall -Wextra"
"Running Make include in ps7_cortexa9_0/libsrc/standalone_v6_6/src"
make -C ps7_cortexa9_0/libsrc/standalone_v6_6/src -s include  "SHELL=CMD" "COMPILER=arm-none-eabi-gcc" "ARCHIVER=arm-none-eabi-ar" "COMPILER_FLAGS=  -O2 -c" "EXTRA_COMPILER_FLAGS=-mcpu=cortex-a9 -mfpu=vfpv3 -mfloat-abi=hard -nostartfiles -g -Wall -Wextra"
"Running Make include in ps7_cortexa9_0/libsrc/uartps_v3_6/src"
make -C ps7_cortexa9_0/libsrc/uartps_v3_6/src -s include  "SHELL=CMD" "COMPILER=arm-none-eabi-gcc" "ARCHIVER=arm-none-eabi-ar" "COMPILER_FLAGS=  -O2 -c" "EXTRA_COMPILER_FLAGS=-mcpu=cortex-a9 -mfpu=vfpv3 -mfloat-abi=hard -nostartfiles -g -Wall -Wextra"
"Running Make include in ps7_cortexa9_0/libsrc/xadcps_v2_2/src"
make -C ps7_cortexa9_0/libsrc/xadcps_v2_2/src -s include  "SHELL=CMD" "COMPILER=arm-none-eabi-gcc" "ARCHIVER=arm-none-eabi-ar" "COMPILER_FLAGS=  -O2 -c" "EXTRA_COMPILER_FLAGS=-mcpu=cortex-a9 -mfpu=vfpv3 -mfloat-abi=hard -nostartfiles -g -Wall -Wextra"
"Running Make libs in ps7_cortexa9_0/libsrc/coresightps_dcc_v1_4/src"
make -C ps7_cortexa9_0/libsrc/coresightps_dcc_v1_4/src -s libs  "SHELL=CMD" "COMPILER=arm-none-eabi-gcc" "ARCHIVER=arm-none-eabi-ar" "COMPILER_FLAGS=  -O2 -c" "EXTRA_COMPILER_FLAGS=-mcpu=cortex-a9 -mfpu=vfpv3 -mfloat-abi=hard -nostartfiles -g -Wall -Wextra"
"Compiling coresightps_dcc"
arm-none-eabi-ar: creating ../../../lib/libxil.a
"Running Make libs in ps7_cortexa9_0/libsrc/cpu_cortexa9_v2_6/src"
make -C ps7_cortexa9_0/libsrc/cpu_cortexa9_v2_6/src -s libs  "SHELL=CMD" "COMPILER=arm-none-eabi-gcc" "ARCHIVER=arm-none-eabi-ar" "COMPILER_FLAGS=  -O2 -c" "EXTRA_COMPILER_FLAGS=-mcpu=cortex-a9 -mfpu=vfpv3 -mfloat-abi=hard -nostartfiles -g -Wall -Wextra"
"Compiling cpu_cortexa9"
"Running Make libs in ps7_cortexa9_0/libsrc/ddrps_v1_0/src"
make -C ps7_cortexa9_0/libsrc/ddrps_v1_0/src -s libs  "SHELL=CMD" "COMPILER=arm-none-eabi-gcc" "ARCHIVER=arm-none-eabi-ar" "COMPILER_FLAGS=  -O2 -c" "EXTRA_COMPILER_FLAGS=-mcpu=cortex-a9 -mfpu=vfpv3 -mfloat-abi=hard -nostartfiles -g -Wall -Wextra"
"Compiling ddrps"
"Running Make libs in ps7_cortexa9_0/libsrc/devcfg_v3_5/src"
make -C ps7_cortexa9_0/libsrc/devcfg_v3_5/src -s libs  "SHELL=CMD" "COMPILER=arm-none-eabi-gcc" "ARCHIVER=arm-none-eabi-ar" "COMPILER_FLAGS=  -O2 -c" "EXTRA_COMPILER_FLAGS=-mcpu=cortex-a9 -mfpu=vfpv3 -mfloat-abi=hard -nostartfiles -g -Wall -Wextra"
"Compiling devcfg"
"Running Make libs in ps7_cortexa9_0/libsrc/dmaps_v2_3/src"
make -C ps7_cortexa9_0/libsrc/dmaps_v2_3/src -s libs  "SHELL=CMD" "COMPILER=arm-none-eabi-gcc" "ARCHIVER=arm-none-eabi-ar" "COMPILER_FLAGS=  -O2 -c" "EXTRA_COMPILER_FLAGS=-mcpu=cortex-a9 -mfpu=vfpv3 -mfloat-abi=hard -nostartfiles -g -Wall -Wextra"
"Compiling dmaps"
"Running Make libs in ps7_cortexa9_0/libsrc/encoder_ip_v1_0/src"
make -C ps7_cortexa9_0/libsrc/encoder_ip_v1_0/src -s libs  "SHELL=CMD" "COMPILER=arm-none-eabi-gcc" "ARCHIVER=arm-none-eabi-ar" "COMPILER_FLAGS=  -O2 -c" "EXTRA_COMPILER_FLAGS=-mcpu=cortex-a9 -mfpu=vfpv3 -mfloat-abi=hard -nostartfiles -g -Wall -Wextra"
"Compiling encoder_ip..."
encoder_ip_selftest.c: In function 'ENCODER_IP_Reg_SelfTest':
encoder_ip_selftest.c:52:59: warning: comparison between signed and unsigned integer expressions [-Wsign-compare]
    if ( ENCODER_IP_mReadReg (baseaddr, read_loop_index*4) != (read_loop_index+1)*READ_WRITE_MUL_FACTOR){
                                                           ^~
encoder_ip_selftest.c:36:6: warning: unused variable 'Index' [-Wunused-variable]
  int Index;
      ^~~~~
"Running Make libs in ps7_cortexa9_0/libsrc/qspips_v3_4/src"
make -C ps7_cortexa9_0/libsrc/qspips_v3_4/src -s libs  "SHELL=CMD" "COMPILER=arm-none-eabi-gcc" "ARCHIVER=arm-none-eabi-ar" "COMPILER_FLAGS=  -O2 -c" "EXTRA_COMPILER_FLAGS=-mcpu=cortex-a9 -mfpu=vfpv3 -mfloat-abi=hard -nostartfiles -g -Wall -Wextra"
"Compiling qspips"
"Running Make libs in ps7_cortexa9_0/libsrc/scugic_v3_9/src"
make -C ps7_cortexa9_0/libsrc/scugic_v3_9/src -s libs  "SHELL=CMD" "COMPILER=arm-none-eabi-gcc" "ARCHIVER=arm-none-eabi-ar" "COMPILER_FLAGS=  -O2 -c" "EXTRA_COMPILER_FLAGS=-mcpu=cortex-a9 -mfpu=vfpv3 -mfloat-abi=hard -nostartfiles -g -Wall -Wextra"
"Compiling scugic"
"Running Make libs in ps7_cortexa9_0/libsrc/scutimer_v2_1/src"
make -C ps7_cortexa9_0/libsrc/scutimer_v2_1/src -s libs  "SHELL=CMD" "COMPILER=arm-none-eabi-gcc" "ARCHIVER=arm-none-eabi-ar" "COMPILER_FLAGS=  -O2 -c" "EXTRA_COMPILER_FLAGS=-mcpu=cortex-a9 -mfpu=vfpv3 -mfloat-abi=hard -nostartfiles -g -Wall -Wextra"
"Compiling scutimer"
"Running Make libs in ps7_cortexa9_0/libsrc/scuwdt_v2_1/src"
make -C ps7_cortexa9_0/libsrc/scuwdt_v2_1/src -s libs  "SHELL=CMD" "COMPILER=arm-none-eabi-gcc" "ARCHIVER=arm-none-eabi-ar" "COMPILER_FLAGS=  -O2 -c" "EXTRA_COMPILER_FLAGS=-mcpu=cortex-a9 -mfpu=vfpv3 -mfloat-abi=hard -nostartfiles -g -Wall -Wextra"
"Compiling scuwdt"
"Running Make libs in ps7_cortexa9_0/libsrc/standalone_v6_6/src"
make -C ps7_cortexa9_0/libsrc/standalone_v6_6/src -s libs  "SHELL=CMD" "COMPILER=arm-none-eabi-gcc" "ARCHIVER=arm-none-eabi-ar" "COMPILER_FLAGS=  -O2 -c" "EXTRA_COMPILER_FLAGS=-mcpu=cortex-a9 -mfpu=vfpv3 -mfloat-abi=hard -nostartfiles -g -Wall -Wextra"
"Compiling standalone"
In file included from sleep.c:57:0:
xtime_l.h:89:9: note: #pragma message: For the sleep routines, Global timer is being used
 #pragma message ("For the sleep routines, Global timer is being used")
         ^~~~~~~
In file included from usleep.c:60:0:
xtime_l.h:89:9: note: #pragma message: For the sleep routines, Global timer is being used
 #pragma message ("For the sleep routines, Global timer is being used")
         ^~~~~~~
In file included from xil_sleeptimer.c:54:0:
xtime_l.h:89:9: note: #pragma message: For the sleep routines, Global timer is being used
 #pragma message ("For the sleep routines, Global timer is being used")
         ^~~~~~~
In file included from xtime_l.c:53:0:
xtime_l.h:89:9: note: #pragma message: For the sleep routines, Global timer is being used
 #pragma message ("For the sleep routines, Global timer is being used")
         ^~~~~~~
"Running Make libs in ps7_cortexa9_0/libsrc/uartps_v3_6/src"
make -C ps7_cortexa9_0/libsrc/uartps_v3_6/src -s libs  "SHELL=CMD" "COMPILER=arm-none-eabi-gcc" "ARCHIVER=arm-none-eabi-ar" "COMPILER_FLAGS=  -O2 -c" "EXTRA_COMPILER_FLAGS=-mcpu=cortex-a9 -mfpu=vfpv3 -mfloat-abi=hard -nostartfiles -g -Wall -Wextra"
"Compiling uartps"
"Running Make libs in ps7_cortexa9_0/libsrc/xadcps_v2_2/src"
make -C ps7_cortexa9_0/libsrc/xadcps_v2_2/src -s libs  "SHELL=CMD" "COMPILER=arm-none-eabi-gcc" "ARCHIVER=arm-none-eabi-ar" "COMPILER_FLAGS=  -O2 -c" "EXTRA_COMPILER_FLAGS=-mcpu=cortex-a9 -mfpu=vfpv3 -mfloat-abi=hard -nostartfiles -g -Wall -Wextra"
"Compiling xadcps"
'Finished building libraries'

**** Build of configuration Debug for project encoder ****

Nothing to build for project encoder
19:44:59 **** Auto Build of configuration Debug for project encoder ****
make pre-build main-build 
a9-linaro-pre-build-step
' '
'Building file: ../src/encoder.c'
'Invoking: ARM v7 gcc compiler'
arm-none-eabi-gcc -Wall -O0 -g3 -c -fmessage-length=0 -MT"src/encoder.o" -mcpu=cortex-a9 -mfpu=vfpv3 -mfloat-abi=hard -I../../encoder_bsp/ps7_cortexa9_0/include -MMD -MP -MF"src/encoder.d" -MT"src/encoder.o" -o "src/encoder.o" "../src/encoder.c"
../src/encoder.c:3:10: fatal error: sum_ip.h: No such file or directory
 #include "sum_ip.h"
          ^~~~~~~~~~
compilation terminated.
make: *** [src/encoder.o] Error 1
19:51:16 **** Auto Build of configuration Debug for project encoder ****
make pre-build main-build 
a9-linaro-pre-build-step
' '
'Building file: ../src/encoder.c'
'Invoking: ARM v7 gcc compiler'
arm-none-eabi-gcc -Wall -O0 -g3 -c -fmessage-length=0 -MT"src/encoder.o" -mcpu=cortex-a9 -mfpu=vfpv3 -mfloat-abi=hard -I../../encoder_bsp/ps7_cortexa9_0/include -MMD -MP -MF"src/encoder.d" -MT"src/encoder.o" -o "src/encoder.o" "../src/encoder.c"
../src/encoder.c: In function 'main':
../src/encoder.c:11:2: error: expected '=', ',', ';', 'asm' or '__attribute__' before 'int'
  int opA = 1256;
  ^~~
../src/encoder.c:18:16: warning: implicit declaration of function 'SUM_IP_mReadReg'; did you mean 'ENCODER_IP_mReadReg'? [-Wimplicit-function-declaration]
     posicion = SUM_IP_mReadReg(XPAR_SUM_IP_S_AXI_BASEADDR, SUM_IP_S_AXI_SLV_REG0_OFFSET);
                ^~~~~~~~~~~~~~~
                ENCODER_IP_mReadReg
../src/encoder.c:18:32: error: 'XPAR_SUM_IP_S_AXI_BASEADDR' undeclared (first use in this function); did you mean 'XPAR_PS7_AFI_1_S_AXI_BASEADDR'?
     posicion = SUM_IP_mReadReg(XPAR_SUM_IP_S_AXI_BASEADDR, SUM_IP_S_AXI_SLV_REG0_OFFSET);
                                ^~~~~~~~~~~~~~~~~~~~~~~~~~
                                XPAR_PS7_AFI_1_S_AXI_BASEADDR
../src/encoder.c:18:32: note: each undeclared identifier is reported only once for each function it appears in
../src/encoder.c:18:60: error: 'SUM_IP_S_AXI_SLV_REG0_OFFSET' undeclared (first use in this function); did you mean 'ENCODER_IP_S_AXI_SLV_REG0_OFFSET'?
     posicion = SUM_IP_mReadReg(XPAR_SUM_IP_S_AXI_BASEADDR, SUM_IP_S_AXI_SLV_REG0_OFFSET);
                                                            ^~~~~~~~~~~~~~~~~~~~~~~~~~~~
                                                            ENCODER_IP_S_AXI_SLV_REG0_OFFSET
../src/encoder.c:19:60: error: 'SUM_IP_S_AXI_SLV_REG1_OFFSET' undeclared (first use in this function); did you mean 'SUM_IP_S_AXI_SLV_REG0_OFFSET'?
     posicion = SUM_IP_mReadReg(XPAR_SUM_IP_S_AXI_BASEADDR, SUM_IP_S_AXI_SLV_REG1_OFFSET);
                                                            ^~~~~~~~~~~~~~~~~~~~~~~~~~~~
                                                            SUM_IP_S_AXI_SLV_REG0_OFFSET
../src/encoder.c:21:44: error: 'opA' undeclared (first use in this function); did you mean 'opB'?
     xil_printf("Cuenta: %d + %d = %d\r\n", opA, opB, res);
                                            ^~~
                                            opB
../src/encoder.c:21:54: error: 'res' undeclared (first use in this function)
     xil_printf("Cuenta: %d + %d = %d\r\n", opA, opB, res);
                                                      ^~~
../src/encoder.c:10:6: warning: variable 'posicion' set but not used [-Wunused-but-set-variable]
  int posicion, direccion
      ^~~~~~~~
make: *** [src/encoder.o] Error 1
19:52:38 **** Auto Build of configuration Debug for project encoder ****
make pre-build main-build 
a9-linaro-pre-build-step
' '
'Building file: ../src/encoder.c'
'Invoking: ARM v7 gcc compiler'
arm-none-eabi-gcc -Wall -O0 -g3 -c -fmessage-length=0 -MT"src/encoder.o" -mcpu=cortex-a9 -mfpu=vfpv3 -mfloat-abi=hard -I../../encoder_bsp/ps7_cortexa9_0/include -MMD -MP -MF"src/encoder.d" -MT"src/encoder.o" -o "src/encoder.o" "../src/encoder.c"
../src/encoder.c: In function 'main':
../src/encoder.c:16:17: warning: implicit declaration of function 'SUM_IP_mReadReg'; did you mean 'ENCODER_IP_mReadReg'? [-Wimplicit-function-declaration]
     direccion = SUM_IP_mReadReg(XPAR_ENCODER_IP_S_AXI_BASEADDR, ENCODER_IP_S_AXI_SLV_REG0_OFFSET);
                 ^~~~~~~~~~~~~~~
                 ENCODER_IP_mReadReg
../src/encoder.c:19:44: error: 'opA' undeclared (first use in this function)
     xil_printf("Cuenta: %d + %d = %d\r\n", opA, opB, res);
                                            ^~~
../src/encoder.c:19:44: note: each undeclared identifier is reported only once for each function it appears in
../src/encoder.c:19:49: error: 'opB' undeclared (first use in this function); did you mean 'opA'?
     xil_printf("Cuenta: %d + %d = %d\r\n", opA, opB, res);
                                                 ^~~
                                                 opA
../src/encoder.c:19:54: error: 'res' undeclared (first use in this function)
     xil_printf("Cuenta: %d + %d = %d\r\n", opA, opB, res);
                                                      ^~~
../src/encoder.c:10:16: warning: variable 'direccion' set but not used [-Wunused-but-set-variable]
  int posicion, direccion;
                ^~~~~~~~~
../src/encoder.c:10:6: warning: variable 'posicion' set but not used [-Wunused-but-set-variable]
  int posicion, direccion;
      ^~~~~~~~
make: *** [src/encoder.o] Error 1
19:52:52 **** Auto Build of configuration Debug for project encoder ****
make pre-build main-build 
a9-linaro-pre-build-step
' '
'Building file: ../src/encoder.c'
'Invoking: ARM v7 gcc compiler'
arm-none-eabi-gcc -Wall -O0 -g3 -c -fmessage-length=0 -MT"src/encoder.o" -mcpu=cortex-a9 -mfpu=vfpv3 -mfloat-abi=hard -I../../encoder_bsp/ps7_cortexa9_0/include -MMD -MP -MF"src/encoder.d" -MT"src/encoder.o" -o "src/encoder.o" "../src/encoder.c"
../src/encoder.c: In function 'main':
../src/encoder.c:19:44: error: 'opA' undeclared (first use in this function)
     xil_printf("Cuenta: %d + %d = %d\r\n", opA, opB, res);
                                            ^~~
../src/encoder.c:19:44: note: each undeclared identifier is reported only once for each function it appears in
../src/encoder.c:19:49: error: 'opB' undeclared (first use in this function); did you mean 'opA'?
     xil_printf("Cuenta: %d + %d = %d\r\n", opA, opB, res);
                                                 ^~~
                                                 opA
../src/encoder.c:19:54: error: 'res' undeclared (first use in this function)
     xil_printf("Cuenta: %d + %d = %d\r\n", opA, opB, res);
                                                      ^~~
../src/encoder.c:10:16: warning: variable 'direccion' set but not used [-Wunused-but-set-variable]
  int posicion, direccion;
                ^~~~~~~~~
../src/encoder.c:10:6: warning: variable 'posicion' set but not used [-Wunused-but-set-variable]
  int posicion, direccion;
      ^~~~~~~~
make: *** [src/encoder.o] Error 1
19:53:52 **** Auto Build of configuration Debug for project encoder ****
make pre-build main-build 
a9-linaro-pre-build-step
' '
'Building file: ../src/encoder.c'
'Invoking: ARM v7 gcc compiler'
arm-none-eabi-gcc -Wall -O0 -g3 -c -fmessage-length=0 -MT"src/encoder.o" -mcpu=cortex-a9 -mfpu=vfpv3 -mfloat-abi=hard -I../../encoder_bsp/ps7_cortexa9_0/include -MMD -MP -MF"src/encoder.d" -MT"src/encoder.o" -o "src/encoder.o" "../src/encoder.c"
'Finished building: ../src/encoder.c'
' '
'Building target: encoder.elf'
'Invoking: ARM v7 gcc linker'
arm-none-eabi-gcc -mcpu=cortex-a9 -mfpu=vfpv3 -mfloat-abi=hard -Wl,-build-id=none -specs=Xilinx.spec -Wl,-T -Wl,../src/lscript.ld -L../../encoder_bsp/ps7_cortexa9_0/lib -o "encoder.elf"  ./src/encoder.o   -Wl,--start-group,-lxil,-lgcc,-lc,--end-group
'Finished building target: encoder.elf'
' '
'Invoking: ARM v7 Print Size'
arm-none-eabi-size encoder.elf  |tee "encoder.elf.size"
   text	   data	    bss	    dec	    hex	filename
  22076	   1144	  22568	  45788	   b2dc	encoder.elf
'Finished building: encoder.elf.size'
' '
19:59:50 **** Incremental Build of configuration Debug for project encoder ****
make pre-build main-build 
a9-linaro-pre-build-step
' '
make: No se hace nada para `main-build'.
20:02:31 **** Auto Build of configuration Debug for project encoder ****
make pre-build main-build 
a9-linaro-pre-build-step
' '
'Building file: ../src/encoder.c'
'Invoking: ARM v7 gcc compiler'
arm-none-eabi-gcc -Wall -O0 -g3 -c -fmessage-length=0 -MT"src/encoder.o" -mcpu=cortex-a9 -mfpu=vfpv3 -mfloat-abi=hard -I../../encoder_bsp/ps7_cortexa9_0/include -MMD -MP -MF"src/encoder.d" -MT"src/encoder.o" -o "src/encoder.o" "../src/encoder.c"
../src/encoder.c: In function 'main':
../src/encoder.c:20:4: warning: implicit declaration of function 'delay' [-Wimplicit-function-declaration]
    delay(1);
    ^~~~~
'Finished building: ../src/encoder.c'
' '
'Building target: encoder.elf'
'Invoking: ARM v7 gcc linker'
arm-none-eabi-gcc -mcpu=cortex-a9 -mfpu=vfpv3 -mfloat-abi=hard -Wl,-build-id=none -specs=Xilinx.spec -Wl,-T -Wl,../src/lscript.ld -L../../encoder_bsp/ps7_cortexa9_0/lib -o "encoder.elf"  ./src/encoder.o   -Wl,--start-group,-lxil,-lgcc,-lc,--end-group
./src/encoder.o: In function `main':
C:\Microarquitecturas_y_softcores\MyS_TP_final\encoder\encoder.sdk\encoder\Debug/../src/encoder.c:20: undefined reference to `delay'
collect2.exe: error: ld returned 1 exit status
make: *** [encoder.elf] Error 1
20:03:02 **** Auto Build of configuration Debug for project encoder ****
make pre-build main-build 
a9-linaro-pre-build-step
' '
'Building file: ../src/encoder.c'
'Invoking: ARM v7 gcc compiler'
arm-none-eabi-gcc -Wall -O0 -g3 -c -fmessage-length=0 -MT"src/encoder.o" -mcpu=cortex-a9 -mfpu=vfpv3 -mfloat-abi=hard -I../../encoder_bsp/ps7_cortexa9_0/include -MMD -MP -MF"src/encoder.d" -MT"src/encoder.o" -o "src/encoder.o" "../src/encoder.c"
../src/encoder.c: In function 'main':
../src/encoder.c:20:4: warning: implicit declaration of function 'xdelay' [-Wimplicit-function-declaration]
    xdelay(1);
    ^~~~~~
'Finished building: ../src/encoder.c'
' '
'Building target: encoder.elf'
'Invoking: ARM v7 gcc linker'
arm-none-eabi-gcc -mcpu=cortex-a9 -mfpu=vfpv3 -mfloat-abi=hard -Wl,-build-id=none -specs=Xilinx.spec -Wl,-T -Wl,../src/lscript.ld -L../../encoder_bsp/ps7_cortexa9_0/lib -o "encoder.elf"  ./src/encoder.o   -Wl,--start-group,-lxil,-lgcc,-lc,--end-group
./src/encoder.o: In function `main':
C:\Microarquitecturas_y_softcores\MyS_TP_final\encoder\encoder.sdk\encoder\Debug/../src/encoder.c:20: undefined reference to `xdelay'
collect2.exe: error: ld returned 1 exit status
make: *** [encoder.elf] Error 1
20:03:09 **** Auto Build of configuration Debug for project encoder ****
make pre-build main-build 
a9-linaro-pre-build-step
' '
'Building file: ../src/encoder.c'
'Invoking: ARM v7 gcc compiler'
arm-none-eabi-gcc -Wall -O0 -g3 -c -fmessage-length=0 -MT"src/encoder.o" -mcpu=cortex-a9 -mfpu=vfpv3 -mfloat-abi=hard -I../../encoder_bsp/ps7_cortexa9_0/include -MMD -MP -MF"src/encoder.d" -MT"src/encoder.o" -o "src/encoder.o" "../src/encoder.c"
../src/encoder.c: In function 'main':
../src/encoder.c:20:4: warning: implicit declaration of function 'xil_delay' [-Wimplicit-function-declaration]
    xil_delay(1);
    ^~~~~~~~~
'Finished building: ../src/encoder.c'
' '
'Building target: encoder.elf'
'Invoking: ARM v7 gcc linker'
arm-none-eabi-gcc -mcpu=cortex-a9 -mfpu=vfpv3 -mfloat-abi=hard -Wl,-build-id=none -specs=Xilinx.spec -Wl,-T -Wl,../src/lscript.ld -L../../encoder_bsp/ps7_cortexa9_0/lib -o "encoder.elf"  ./src/encoder.o   -Wl,--start-group,-lxil,-lgcc,-lc,--end-group
./src/encoder.o: In function `main':
C:\Microarquitecturas_y_softcores\MyS_TP_final\encoder\encoder.sdk\encoder\Debug/../src/encoder.c:20: undefined reference to `xil_delay'
collect2.exe: error: ld returned 1 exit status
make: *** [encoder.elf] Error 1
20:04:16 **** Auto Build of configuration Debug for project encoder ****
make pre-build main-build 
a9-linaro-pre-build-step
' '
'Building file: ../src/encoder.c'
'Invoking: ARM v7 gcc compiler'
arm-none-eabi-gcc -Wall -O0 -g3 -c -fmessage-length=0 -MT"src/encoder.o" -mcpu=cortex-a9 -mfpu=vfpv3 -mfloat-abi=hard -I../../encoder_bsp/ps7_cortexa9_0/include -MMD -MP -MF"src/encoder.d" -MT"src/encoder.o" -o "src/encoder.o" "../src/encoder.c"
../src/encoder.c: In function 'main':
../src/encoder.c:20:4: warning: implicit declaration of function 'usleep' [-Wimplicit-function-declaration]
    usleep(1);
    ^~~~~~
'Finished building: ../src/encoder.c'
' '
'Building target: encoder.elf'
'Invoking: ARM v7 gcc linker'
arm-none-eabi-gcc -mcpu=cortex-a9 -mfpu=vfpv3 -mfloat-abi=hard -Wl,-build-id=none -specs=Xilinx.spec -Wl,-T -Wl,../src/lscript.ld -L../../encoder_bsp/ps7_cortexa9_0/lib -o "encoder.elf"  ./src/encoder.o   -Wl,--start-group,-lxil,-lgcc,-lc,--end-group
'Finished building target: encoder.elf'
' '
'Invoking: ARM v7 Print Size'
arm-none-eabi-size encoder.elf  |tee "encoder.elf.size"
   text	   data	    bss	    dec	    hex	filename
  22268	   1144	  22568	  45980	   b39c	encoder.elf
'Finished building: encoder.elf.size'
' '
20:04:59 **** Auto Build of configuration Debug for project encoder ****
make pre-build main-build 
a9-linaro-pre-build-step
' '
'Building file: ../src/encoder.c'
'Invoking: ARM v7 gcc compiler'
arm-none-eabi-gcc -Wall -O0 -g3 -c -fmessage-length=0 -MT"src/encoder.o" -mcpu=cortex-a9 -mfpu=vfpv3 -mfloat-abi=hard -I../../encoder_bsp/ps7_cortexa9_0/include -MMD -MP -MF"src/encoder.d" -MT"src/encoder.o" -o "src/encoder.o" "../src/encoder.c"
../src/encoder.c: In function 'main':
../src/encoder.c:20:4: warning: implicit declaration of function 'sleep'; did you mean 'strsep'? [-Wimplicit-function-declaration]
    sleep(1);
    ^~~~~
    strsep
'Finished building: ../src/encoder.c'
' '
'Building target: encoder.elf'
'Invoking: ARM v7 gcc linker'
arm-none-eabi-gcc -mcpu=cortex-a9 -mfpu=vfpv3 -mfloat-abi=hard -Wl,-build-id=none -specs=Xilinx.spec -Wl,-T -Wl,../src/lscript.ld -L../../encoder_bsp/ps7_cortexa9_0/lib -o "encoder.elf"  ./src/encoder.o   -Wl,--start-group,-lxil,-lgcc,-lc,--end-group
'Finished building target: encoder.elf'
' '
'Invoking: ARM v7 Print Size'
arm-none-eabi-size encoder.elf  |tee "encoder.elf.size"
   text	   data	    bss	    dec	    hex	filename
  22268	   1144	  22568	  45980	   b39c	encoder.elf
'Finished building: encoder.elf.size'
' '
20:05:55 **** Auto Build of configuration Debug for project encoder ****
make pre-build main-build 
a9-linaro-pre-build-step
' '
'Building file: ../src/encoder.c'
'Invoking: ARM v7 gcc compiler'
arm-none-eabi-gcc -Wall -O0 -g3 -c -fmessage-length=0 -MT"src/encoder.o" -mcpu=cortex-a9 -mfpu=vfpv3 -mfloat-abi=hard -I../../encoder_bsp/ps7_cortexa9_0/include -MMD -MP -MF"src/encoder.d" -MT"src/encoder.o" -o "src/encoder.o" "../src/encoder.c"
../src/encoder.c: In function 'main':
../src/encoder.c:22:5: warning: implicit declaration of function 'sleep'; did you mean 'strsep'? [-Wimplicit-function-declaration]
     sleep(1);
     ^~~~~
     strsep
'Finished building: ../src/encoder.c'
' '
'Building target: encoder.elf'
'Invoking: ARM v7 gcc linker'
arm-none-eabi-gcc -mcpu=cortex-a9 -mfpu=vfpv3 -mfloat-abi=hard -Wl,-build-id=none -specs=Xilinx.spec -Wl,-T -Wl,../src/lscript.ld -L../../encoder_bsp/ps7_cortexa9_0/lib -o "encoder.elf"  ./src/encoder.o   -Wl,--start-group,-lxil,-lgcc,-lc,--end-group
'Finished building target: encoder.elf'
' '
'Invoking: ARM v7 Print Size'
arm-none-eabi-size encoder.elf  |tee "encoder.elf.size"
   text	   data	    bss	    dec	    hex	filename
  22204	   1144	  22568	  45916	   b35c	encoder.elf
'Finished building: encoder.elf.size'
' '
20:06:12 **** Incremental Build of configuration Debug for project encoder ****
make pre-build main-build 
a9-linaro-pre-build-step
' '
make: No se hace nada para `main-build'.
20:06:50 **** Incremental Build of configuration Debug for project encoder ****
make pre-build main-build 
a9-linaro-pre-build-step
' '
'Building file: ../src/encoder.c'
'Invoking: ARM v7 gcc compiler'
arm-none-eabi-gcc -Wall -O0 -g3 -c -fmessage-length=0 -MT"src/encoder.o" -mcpu=cortex-a9 -mfpu=vfpv3 -mfloat-abi=hard -I../../encoder_bsp/ps7_cortexa9_0/include -MMD -MP -MF"src/encoder.d" -MT"src/encoder.o" -o "src/encoder.o" "../src/encoder.c"
../src/encoder.c: In function 'main':
../src/encoder.c:22:5: warning: implicit declaration of function 'sleep'; did you mean 'strsep'? [-Wimplicit-function-declaration]
     sleep(1);
     ^~~~~
     strsep
'Finished building: ../src/encoder.c'
' '
'Building target: encoder.elf'
'Invoking: ARM v7 gcc linker'
arm-none-eabi-gcc -mcpu=cortex-a9 -mfpu=vfpv3 -mfloat-abi=hard -Wl,-build-id=none -specs=Xilinx.spec -Wl,-T -Wl,../src/lscript.ld -L../../encoder_bsp/ps7_cortexa9_0/lib -o "encoder.elf"  ./src/encoder.o   -Wl,--start-group,-lxil,-lgcc,-lc,--end-group
'Finished building target: encoder.elf'
' '
'Invoking: ARM v7 Print Size'
arm-none-eabi-size encoder.elf  |tee "encoder.elf.size"
   text	   data	    bss	    dec	    hex	filename
  22200	   1144	  22568	  45912	   b358	encoder.elf
'Finished building: encoder.elf.size'
' '
20:07:36 **** Incremental Build of configuration Debug for project encoder ****
make pre-build main-build 
a9-linaro-pre-build-step
' '
'Building file: ../src/encoder.c'
'Invoking: ARM v7 gcc compiler'
arm-none-eabi-gcc -Wall -O0 -g3 -c -fmessage-length=0 -MT"src/encoder.o" -mcpu=cortex-a9 -mfpu=vfpv3 -mfloat-abi=hard -I../../encoder_bsp/ps7_cortexa9_0/include -MMD -MP -MF"src/encoder.d" -MT"src/encoder.o" -o "src/encoder.o" "../src/encoder.c"
../src/encoder.c: In function 'main':
../src/encoder.c:22:5: warning: implicit declaration of function 'usleep' [-Wimplicit-function-declaration]
     usleep(1000);
     ^~~~~~
'Finished building: ../src/encoder.c'
' '
'Building target: encoder.elf'
'Invoking: ARM v7 gcc linker'
arm-none-eabi-gcc -mcpu=cortex-a9 -mfpu=vfpv3 -mfloat-abi=hard -Wl,-build-id=none -specs=Xilinx.spec -Wl,-T -Wl,../src/lscript.ld -L../../encoder_bsp/ps7_cortexa9_0/lib -o "encoder.elf"  ./src/encoder.o   -Wl,--start-group,-lxil,-lgcc,-lc,--end-group
'Finished building target: encoder.elf'
' '
'Invoking: ARM v7 Print Size'
arm-none-eabi-size encoder.elf  |tee "encoder.elf.size"
   text	   data	    bss	    dec	    hex	filename
  22200	   1144	  22568	  45912	   b358	encoder.elf
'Finished building: encoder.elf.size'
' '
20:09:28 **** Incremental Build of configuration Debug for project encoder ****
make pre-build main-build 
a9-linaro-pre-build-step
' '
make: No se hace nada para `main-build'.
20:10:21 **** Incremental Build of configuration Debug for project encoder ****
make pre-build main-build 
a9-linaro-pre-build-step
' '
make: No se hace nada para `main-build'.
20:10:55 **** Auto Build of configuration Debug for project encoder ****
make pre-build main-build 
a9-linaro-pre-build-step
' '
'Building file: ../src/encoder.c'
'Invoking: ARM v7 gcc compiler'
arm-none-eabi-gcc -Wall -O0 -g3 -c -fmessage-length=0 -MT"src/encoder.o" -mcpu=cortex-a9 -mfpu=vfpv3 -mfloat-abi=hard -I../../encoder_bsp/ps7_cortexa9_0/include -MMD -MP -MF"src/encoder.d" -MT"src/encoder.o" -o "src/encoder.o" "../src/encoder.c"
../src/encoder.c: In function 'main':
../src/encoder.c:22:5: warning: implicit declaration of function 'usleep' [-Wimplicit-function-declaration]
     usleep(1000);
     ^~~~~~
'Finished building: ../src/encoder.c'
' '
'Building target: encoder.elf'
'Invoking: ARM v7 gcc linker'
arm-none-eabi-gcc -mcpu=cortex-a9 -mfpu=vfpv3 -mfloat-abi=hard -Wl,-build-id=none -specs=Xilinx.spec -Wl,-T -Wl,../src/lscript.ld -L../../encoder_bsp/ps7_cortexa9_0/lib -o "encoder.elf"  ./src/encoder.o   -Wl,--start-group,-lxil,-lgcc,-lc,--end-group
'Finished building target: encoder.elf'
' '
'Invoking: ARM v7 Print Size'
arm-none-eabi-size encoder.elf  |tee "encoder.elf.size"
   text	   data	    bss	    dec	    hex	filename
  22204	   1144	  22568	  45916	   b35c	encoder.elf
'Finished building: encoder.elf.size'
' '
20:11:54 **** Incremental Build of configuration Debug for project encoder ****
make pre-build main-build 
a9-linaro-pre-build-step
' '
make: No se hace nada para `main-build'.
20:12:52 **** Auto Build of configuration Debug for project encoder ****
make pre-build main-build 
a9-linaro-pre-build-step
' '
'Building file: ../src/encoder.c'
'Invoking: ARM v7 gcc compiler'
arm-none-eabi-gcc -Wall -O0 -g3 -c -fmessage-length=0 -MT"src/encoder.o" -mcpu=cortex-a9 -mfpu=vfpv3 -mfloat-abi=hard -I../../encoder_bsp/ps7_cortexa9_0/include -MMD -MP -MF"src/encoder.d" -MT"src/encoder.o" -o "src/encoder.o" "../src/encoder.c"
../src/encoder.c: In function 'main':
../src/encoder.c:22:5: warning: implicit declaration of function 'usleep' [-Wimplicit-function-declaration]
     usleep(1000);
     ^~~~~~
'Finished building: ../src/encoder.c'
' '
'Building target: encoder.elf'
'Invoking: ARM v7 gcc linker'
arm-none-eabi-gcc -mcpu=cortex-a9 -mfpu=vfpv3 -mfloat-abi=hard -Wl,-build-id=none -specs=Xilinx.spec -Wl,-T -Wl,../src/lscript.ld -L../../encoder_bsp/ps7_cortexa9_0/lib -o "encoder.elf"  ./src/encoder.o   -Wl,--start-group,-lxil,-lgcc,-lc,--end-group
'Finished building target: encoder.elf'
' '
'Invoking: ARM v7 Print Size'
arm-none-eabi-size encoder.elf  |tee "encoder.elf.size"
   text	   data	    bss	    dec	    hex	filename
  22204	   1144	  22568	  45916	   b35c	encoder.elf
'Finished building: encoder.elf.size'
' '
20:13:11 **** Auto Build of configuration Debug for project encoder ****
make pre-build main-build 
a9-linaro-pre-build-step
' '
'Building file: ../src/encoder.c'
'Invoking: ARM v7 gcc compiler'
arm-none-eabi-gcc -Wall -O0 -g3 -c -fmessage-length=0 -MT"src/encoder.o" -mcpu=cortex-a9 -mfpu=vfpv3 -mfloat-abi=hard -I../../encoder_bsp/ps7_cortexa9_0/include -MMD -MP -MF"src/encoder.d" -MT"src/encoder.o" -o "src/encoder.o" "../src/encoder.c"
'Finished building: ../src/encoder.c'
' '
'Building target: encoder.elf'
'Invoking: ARM v7 gcc linker'
arm-none-eabi-gcc -mcpu=cortex-a9 -mfpu=vfpv3 -mfloat-abi=hard -Wl,-build-id=none -specs=Xilinx.spec -Wl,-T -Wl,../src/lscript.ld -L../../encoder_bsp/ps7_cortexa9_0/lib -o "encoder.elf"  ./src/encoder.o   -Wl,--start-group,-lxil,-lgcc,-lc,--end-group
'Finished building target: encoder.elf'
' '
'Invoking: ARM v7 Print Size'
arm-none-eabi-size encoder.elf  |tee "encoder.elf.size"
   text	   data	    bss	    dec	    hex	filename
  22076	   1144	  22568	  45788	   b2dc	encoder.elf
'Finished building: encoder.elf.size'
' '
20:13:25 **** Incremental Build of configuration Debug for project encoder ****
make pre-build main-build 
a9-linaro-pre-build-step
' '
make: No se hace nada para `main-build'.
20:14:13 **** Incremental Build of configuration Debug for project encoder ****
make pre-build main-build 
a9-linaro-pre-build-step
' '
make: No se hace nada para `main-build'.
20:19:06 **** Incremental Build of configuration Debug for project encoder ****
make pre-build main-build 
a9-linaro-pre-build-step
' '
'Building file: ../src/encoder.c'
'Invoking: ARM v7 gcc compiler'
arm-none-eabi-gcc -Wall -O0 -g3 -c -fmessage-length=0 -MT"src/encoder.o" -mcpu=cortex-a9 -mfpu=vfpv3 -mfloat-abi=hard -I../../encoder_bsp/ps7_cortexa9_0/include -MMD -MP -MF"src/encoder.d" -MT"src/encoder.o" -o "src/encoder.o" "../src/encoder.c"
../src/encoder.c: In function 'main':
../src/encoder.c:22:5: warning: implicit declaration of function 'usleep' [-Wimplicit-function-declaration]
     usleep(1000);
     ^~~~~~
'Finished building: ../src/encoder.c'
' '
'Building target: encoder.elf'
'Invoking: ARM v7 gcc linker'
arm-none-eabi-gcc -mcpu=cortex-a9 -mfpu=vfpv3 -mfloat-abi=hard -Wl,-build-id=none -specs=Xilinx.spec -Wl,-T -Wl,../src/lscript.ld -L../../encoder_bsp/ps7_cortexa9_0/lib -o "encoder.elf"  ./src/encoder.o   -Wl,--start-group,-lxil,-lgcc,-lc,--end-group
'Finished building target: encoder.elf'
' '
'Invoking: ARM v7 Print Size'
arm-none-eabi-size encoder.elf  |tee "encoder.elf.size"
   text	   data	    bss	    dec	    hex	filename
  22204	   1144	  22568	  45916	   b35c	encoder.elf
'Finished building: encoder.elf.size'
' '
20:26:28 **** Incremental Build of configuration Debug for project encoder ****
make pre-build main-build 
a9-linaro-pre-build-step
' '
make: No se hace nada para `main-build'.
20:48:18 **** Incremental Build of configuration Debug for project encoder ****
make pre-build main-build 
a9-linaro-pre-build-step
' '
make: No se hace nada para `main-build'.
20:50:33 **** Incremental Build of configuration Debug for project encoder ****
make pre-build main-build 
a9-linaro-pre-build-step
' '
make: No se hace nada para `main-build'.
20:51:12 **** Auto Build of configuration Debug for project encoder ****
make pre-build main-build 
a9-linaro-pre-build-step
' '
'Building file: ../src/encoder.c'
'Invoking: ARM v7 gcc compiler'
arm-none-eabi-gcc -Wall -O0 -g3 -c -fmessage-length=0 -MT"src/encoder.o" -mcpu=cortex-a9 -mfpu=vfpv3 -mfloat-abi=hard -I../../encoder_bsp/ps7_cortexa9_0/include -MMD -MP -MF"src/encoder.d" -MT"src/encoder.o" -o "src/encoder.o" "../src/encoder.c"
../src/encoder.c: In function 'main':
../src/encoder.c:22:5: warning: implicit declaration of function 'usleep' [-Wimplicit-function-declaration]
     usleep(1000);
     ^~~~~~
'Finished building: ../src/encoder.c'
' '
'Building target: encoder.elf'
'Invoking: ARM v7 gcc linker'
arm-none-eabi-gcc -mcpu=cortex-a9 -mfpu=vfpv3 -mfloat-abi=hard -Wl,-build-id=none -specs=Xilinx.spec -Wl,-T -Wl,../src/lscript.ld -L../../encoder_bsp/ps7_cortexa9_0/lib -o "encoder.elf"  ./src/encoder.o   -Wl,--start-group,-lxil,-lgcc,-lc,--end-group
'Finished building target: encoder.elf'
' '
'Invoking: ARM v7 Print Size'
arm-none-eabi-size encoder.elf  |tee "encoder.elf.size"
   text	   data	    bss	    dec	    hex	filename
  22204	   1144	  22568	  45916	   b35c	encoder.elf
'Finished building: encoder.elf.size'
' '
20:51:19 **** Auto Build of configuration Debug for project encoder ****
make pre-build main-build 
a9-linaro-pre-build-step
' '
'Building file: ../src/encoder.c'
'Invoking: ARM v7 gcc compiler'
arm-none-eabi-gcc -Wall -O0 -g3 -c -fmessage-length=0 -MT"src/encoder.o" -mcpu=cortex-a9 -mfpu=vfpv3 -mfloat-abi=hard -I../../encoder_bsp/ps7_cortexa9_0/include -MMD -MP -MF"src/encoder.d" -MT"src/encoder.o" -o "src/encoder.o" "../src/encoder.c"
../src/encoder.c: In function 'main':
../src/encoder.c:22:5: warning: implicit declaration of function 'usleep' [-Wimplicit-function-declaration]
     usleep(10000);
     ^~~~~~
'Finished building: ../src/encoder.c'
' '
'Building target: encoder.elf'
'Invoking: ARM v7 gcc linker'
arm-none-eabi-gcc -mcpu=cortex-a9 -mfpu=vfpv3 -mfloat-abi=hard -Wl,-build-id=none -specs=Xilinx.spec -Wl,-T -Wl,../src/lscript.ld -L../../encoder_bsp/ps7_cortexa9_0/lib -o "encoder.elf"  ./src/encoder.o   -Wl,--start-group,-lxil,-lgcc,-lc,--end-group
'Finished building target: encoder.elf'
' '
'Invoking: ARM v7 Print Size'
arm-none-eabi-size encoder.elf  |tee "encoder.elf.size"
   text	   data	    bss	    dec	    hex	filename
  22204	   1144	  22568	  45916	   b35c	encoder.elf
'Finished building: encoder.elf.size'
' '
20:51:51 **** Incremental Build of configuration Debug for project encoder ****
make pre-build main-build 
a9-linaro-pre-build-step
' '
make: No se hace nada para `main-build'.
22:28:52 **** Incremental Build of configuration Debug for project encoder ****
make pre-build main-build 
a9-linaro-pre-build-step
' '
make: No se hace nada para `main-build'.
22:31:50 **** Build of project encoder1_bsp ****
make -k all 
"Running Make include in ps7_cortexa9_0/libsrc/coresightps_dcc_v1_4/src"
make -C ps7_cortexa9_0/libsrc/coresightps_dcc_v1_4/src -s include  "SHELL=CMD" "COMPILER=arm-none-eabi-gcc" "ARCHIVER=arm-none-eabi-ar" "COMPILER_FLAGS=  -O2 -c" "EXTRA_COMPILER_FLAGS=-mcpu=cortex-a9 -mfpu=vfpv3 -mfloat-abi=hard -nostartfiles -g -Wall -Wextra"
"Running Make include in ps7_cortexa9_0/libsrc/cpu_cortexa9_v2_6/src"
make -C ps7_cortexa9_0/libsrc/cpu_cortexa9_v2_6/src -s include  "SHELL=CMD" "COMPILER=arm-none-eabi-gcc" "ARCHIVER=arm-none-eabi-ar" "COMPILER_FLAGS=  -O2 -c" "EXTRA_COMPILER_FLAGS=-mcpu=cortex-a9 -mfpu=vfpv3 -mfloat-abi=hard -nostartfiles -g -Wall -Wextra"
"Running Make include in ps7_cortexa9_0/libsrc/ddrps_v1_0/src"
make -C ps7_cortexa9_0/libsrc/ddrps_v1_0/src -s include  "SHELL=CMD" "COMPILER=arm-none-eabi-gcc" "ARCHIVER=arm-none-eabi-ar" "COMPILER_FLAGS=  -O2 -c" "EXTRA_COMPILER_FLAGS=-mcpu=cortex-a9 -mfpu=vfpv3 -mfloat-abi=hard -nostartfiles -g -Wall -Wextra"
"Running Make include in ps7_cortexa9_0/libsrc/devcfg_v3_5/src"
make -C ps7_cortexa9_0/libsrc/devcfg_v3_5/src -s include  "SHELL=CMD" "COMPILER=arm-none-eabi-gcc" "ARCHIVER=arm-none-eabi-ar" "COMPILER_FLAGS=  -O2 -c" "EXTRA_COMPILER_FLAGS=-mcpu=cortex-a9 -mfpu=vfpv3 -mfloat-abi=hard -nostartfiles -g -Wall -Wextra"
"Running Make include in ps7_cortexa9_0/libsrc/dmaps_v2_3/src"
make -C ps7_cortexa9_0/libsrc/dmaps_v2_3/src -s include  "SHELL=CMD" "COMPILER=arm-none-eabi-gcc" "ARCHIVER=arm-none-eabi-ar" "COMPILER_FLAGS=  -O2 -c" "EXTRA_COMPILER_FLAGS=-mcpu=cortex-a9 -mfpu=vfpv3 -mfloat-abi=hard -nostartfiles -g -Wall -Wextra"
"Running Make include in ps7_cortexa9_0/libsrc/encoder_ip_v1_0/src"
make -C ps7_cortexa9_0/libsrc/encoder_ip_v1_0/src -s include  "SHELL=CMD" "COMPILER=arm-none-eabi-gcc" "ARCHIVER=arm-none-eabi-ar" "COMPILER_FLAGS=  -O2 -c" "EXTRA_COMPILER_FLAGS=-mcpu=cortex-a9 -mfpu=vfpv3 -mfloat-abi=hard -nostartfiles -g -Wall -Wextra"
"Running Make include in ps7_cortexa9_0/libsrc/gpiops_v3_3/src"
make -C ps7_cortexa9_0/libsrc/gpiops_v3_3/src -s include  "SHELL=CMD" "COMPILER=arm-none-eabi-gcc" "ARCHIVER=arm-none-eabi-ar" "COMPILER_FLAGS=  -O2 -c" "EXTRA_COMPILER_FLAGS=-mcpu=cortex-a9 -mfpu=vfpv3 -mfloat-abi=hard -nostartfiles -g -Wall -Wextra"
"Running Make include in ps7_cortexa9_0/libsrc/qspips_v3_4/src"
make -C ps7_cortexa9_0/libsrc/qspips_v3_4/src -s include  "SHELL=CMD" "COMPILER=arm-none-eabi-gcc" "ARCHIVER=arm-none-eabi-ar" "COMPILER_FLAGS=  -O2 -c" "EXTRA_COMPILER_FLAGS=-mcpu=cortex-a9 -mfpu=vfpv3 -mfloat-abi=hard -nostartfiles -g -Wall -Wextra"
"Running Make include in ps7_cortexa9_0/libsrc/scugic_v3_9/src"
make -C ps7_cortexa9_0/libsrc/scugic_v3_9/src -s include  "SHELL=CMD" "COMPILER=arm-none-eabi-gcc" "ARCHIVER=arm-none-eabi-ar" "COMPILER_FLAGS=  -O2 -c" "EXTRA_COMPILER_FLAGS=-mcpu=cortex-a9 -mfpu=vfpv3 -mfloat-abi=hard -nostartfiles -g -Wall -Wextra"
"Running Make include in ps7_cortexa9_0/libsrc/scutimer_v2_1/src"
make -C ps7_cortexa9_0/libsrc/scutimer_v2_1/src -s include  "SHELL=CMD" "COMPILER=arm-none-eabi-gcc" "ARCHIVER=arm-none-eabi-ar" "COMPILER_FLAGS=  -O2 -c" "EXTRA_COMPILER_FLAGS=-mcpu=cortex-a9 -mfpu=vfpv3 -mfloat-abi=hard -nostartfiles -g -Wall -Wextra"
"Running Make include in ps7_cortexa9_0/libsrc/scuwdt_v2_1/src"
make -C ps7_cortexa9_0/libsrc/scuwdt_v2_1/src -s include  "SHELL=CMD" "COMPILER=arm-none-eabi-gcc" "ARCHIVER=arm-none-eabi-ar" "COMPILER_FLAGS=  -O2 -c" "EXTRA_COMPILER_FLAGS=-mcpu=cortex-a9 -mfpu=vfpv3 -mfloat-abi=hard -nostartfiles -g -Wall -Wextra"
"Running Make include in ps7_cortexa9_0/libsrc/standalone_v6_6/src"
make -C ps7_cortexa9_0/libsrc/standalone_v6_6/src -s include  "SHELL=CMD" "COMPILER=arm-none-eabi-gcc" "ARCHIVER=arm-none-eabi-ar" "COMPILER_FLAGS=  -O2 -c" "EXTRA_COMPILER_FLAGS=-mcpu=cortex-a9 -mfpu=vfpv3 -mfloat-abi=hard -nostartfiles -g -Wall -Wextra"
"Running Make include in ps7_cortexa9_0/libsrc/uartps_v3_6/src"
make -C ps7_cortexa9_0/libsrc/uartps_v3_6/src -s include  "SHELL=CMD" "COMPILER=arm-none-eabi-gcc" "ARCHIVER=arm-none-eabi-ar" "COMPILER_FLAGS=  -O2 -c" "EXTRA_COMPILER_FLAGS=-mcpu=cortex-a9 -mfpu=vfpv3 -mfloat-abi=hard -nostartfiles -g -Wall -Wextra"
"Running Make include in ps7_cortexa9_0/libsrc/xadcps_v2_2/src"
make -C ps7_cortexa9_0/libsrc/xadcps_v2_2/src -s include  "SHELL=CMD" "COMPILER=arm-none-eabi-gcc" "ARCHIVER=arm-none-eabi-ar" "COMPILER_FLAGS=  -O2 -c" "EXTRA_COMPILER_FLAGS=-mcpu=cortex-a9 -mfpu=vfpv3 -mfloat-abi=hard -nostartfiles -g -Wall -Wextra"
"Running Make libs in ps7_cortexa9_0/libsrc/coresightps_dcc_v1_4/src"
make -C ps7_cortexa9_0/libsrc/coresightps_dcc_v1_4/src -s libs  "SHELL=CMD" "COMPILER=arm-none-eabi-gcc" "ARCHIVER=arm-none-eabi-ar" "COMPILER_FLAGS=  -O2 -c" "EXTRA_COMPILER_FLAGS=-mcpu=cortex-a9 -mfpu=vfpv3 -mfloat-abi=hard -nostartfiles -g -Wall -Wextra"
"Compiling coresightps_dcc"
arm-none-eabi-ar: creating ../../../lib/libxil.a
"Running Make libs in ps7_cortexa9_0/libsrc/cpu_cortexa9_v2_6/src"
make -C ps7_cortexa9_0/libsrc/cpu_cortexa9_v2_6/src -s libs  "SHELL=CMD" "COMPILER=arm-none-eabi-gcc" "ARCHIVER=arm-none-eabi-ar" "COMPILER_FLAGS=  -O2 -c" "EXTRA_COMPILER_FLAGS=-mcpu=cortex-a9 -mfpu=vfpv3 -mfloat-abi=hard -nostartfiles -g -Wall -Wextra"
"Compiling cpu_cortexa9"
"Running Make libs in ps7_cortexa9_0/libsrc/ddrps_v1_0/src"
make -C ps7_cortexa9_0/libsrc/ddrps_v1_0/src -s libs  "SHELL=CMD" "COMPILER=arm-none-eabi-gcc" "ARCHIVER=arm-none-eabi-ar" "COMPILER_FLAGS=  -O2 -c" "EXTRA_COMPILER_FLAGS=-mcpu=cortex-a9 -mfpu=vfpv3 -mfloat-abi=hard -nostartfiles -g -Wall -Wextra"
"Compiling ddrps"
"Running Make libs in ps7_cortexa9_0/libsrc/devcfg_v3_5/src"
make -C ps7_cortexa9_0/libsrc/devcfg_v3_5/src -s libs  "SHELL=CMD" "COMPILER=arm-none-eabi-gcc" "ARCHIVER=arm-none-eabi-ar" "COMPILER_FLAGS=  -O2 -c" "EXTRA_COMPILER_FLAGS=-mcpu=cortex-a9 -mfpu=vfpv3 -mfloat-abi=hard -nostartfiles -g -Wall -Wextra"
"Compiling devcfg"
"Running Make libs in ps7_cortexa9_0/libsrc/dmaps_v2_3/src"
make -C ps7_cortexa9_0/libsrc/dmaps_v2_3/src -s libs  "SHELL=CMD" "COMPILER=arm-none-eabi-gcc" "ARCHIVER=arm-none-eabi-ar" "COMPILER_FLAGS=  -O2 -c" "EXTRA_COMPILER_FLAGS=-mcpu=cortex-a9 -mfpu=vfpv3 -mfloat-abi=hard -nostartfiles -g -Wall -Wextra"
"Compiling dmaps"
"Running Make libs in ps7_cortexa9_0/libsrc/encoder_ip_v1_0/src"
make -C ps7_cortexa9_0/libsrc/encoder_ip_v1_0/src -s libs  "SHELL=CMD" "COMPILER=arm-none-eabi-gcc" "ARCHIVER=arm-none-eabi-ar" "COMPILER_FLAGS=  -O2 -c" "EXTRA_COMPILER_FLAGS=-mcpu=cortex-a9 -mfpu=vfpv3 -mfloat-abi=hard -nostartfiles -g -Wall -Wextra"
"Compiling encoder_ip..."
encoder_ip_selftest.c: In function 'ENCODER_IP_Reg_SelfTest':
encoder_ip_selftest.c:52:59: warning: comparison between signed and unsigned integer expressions [-Wsign-compare]
    if ( ENCODER_IP_mReadReg (baseaddr, read_loop_index*4) != (read_loop_index+1)*READ_WRITE_MUL_FACTOR){
                                                           ^~
encoder_ip_selftest.c:36:6: warning: unused variable 'Index' [-Wunused-variable]
  int Index;
      ^~~~~
"Running Make libs in ps7_cortexa9_0/libsrc/gpiops_v3_3/src"
make -C ps7_cortexa9_0/libsrc/gpiops_v3_3/src -s libs  "SHELL=CMD" "COMPILER=arm-none-eabi-gcc" "ARCHIVER=arm-none-eabi-ar" "COMPILER_FLAGS=  -O2 -c" "EXTRA_COMPILER_FLAGS=-mcpu=cortex-a9 -mfpu=vfpv3 -mfloat-abi=hard -nostartfiles -g -Wall -Wextra"
"Compiling gpiops"
"Running Make libs in ps7_cortexa9_0/libsrc/qspips_v3_4/src"
make -C ps7_cortexa9_0/libsrc/qspips_v3_4/src -s libs  "SHELL=CMD" "COMPILER=arm-none-eabi-gcc" "ARCHIVER=arm-none-eabi-ar" "COMPILER_FLAGS=  -O2 -c" "EXTRA_COMPILER_FLAGS=-mcpu=cortex-a9 -mfpu=vfpv3 -mfloat-abi=hard -nostartfiles -g -Wall -Wextra"
"Compiling qspips"
"Running Make libs in ps7_cortexa9_0/libsrc/scugic_v3_9/src"
make -C ps7_cortexa9_0/libsrc/scugic_v3_9/src -s libs  "SHELL=CMD" "COMPILER=arm-none-eabi-gcc" "ARCHIVER=arm-none-eabi-ar" "COMPILER_FLAGS=  -O2 -c" "EXTRA_COMPILER_FLAGS=-mcpu=cortex-a9 -mfpu=vfpv3 -mfloat-abi=hard -nostartfiles -g -Wall -Wextra"
"Compiling scugic"
"Running Make libs in ps7_cortexa9_0/libsrc/scutimer_v2_1/src"
make -C ps7_cortexa9_0/libsrc/scutimer_v2_1/src -s libs  "SHELL=CMD" "COMPILER=arm-none-eabi-gcc" "ARCHIVER=arm-none-eabi-ar" "COMPILER_FLAGS=  -O2 -c" "EXTRA_COMPILER_FLAGS=-mcpu=cortex-a9 -mfpu=vfpv3 -mfloat-abi=hard -nostartfiles -g -Wall -Wextra"
"Compiling scutimer"
"Running Make libs in ps7_cortexa9_0/libsrc/scuwdt_v2_1/src"
make -C ps7_cortexa9_0/libsrc/scuwdt_v2_1/src -s libs  "SHELL=CMD" "COMPILER=arm-none-eabi-gcc" "ARCHIVER=arm-none-eabi-ar" "COMPILER_FLAGS=  -O2 -c" "EXTRA_COMPILER_FLAGS=-mcpu=cortex-a9 -mfpu=vfpv3 -mfloat-abi=hard -nostartfiles -g -Wall -Wextra"
"Compiling scuwdt"
"Running Make libs in ps7_cortexa9_0/libsrc/standalone_v6_6/src"
make -C ps7_cortexa9_0/libsrc/standalone_v6_6/src -s libs  "SHELL=CMD" "COMPILER=arm-none-eabi-gcc" "ARCHIVER=arm-none-eabi-ar" "COMPILER_FLAGS=  -O2 -c" "EXTRA_COMPILER_FLAGS=-mcpu=cortex-a9 -mfpu=vfpv3 -mfloat-abi=hard -nostartfiles -g -Wall -Wextra"
"Compiling standalone"
In file included from sleep.c:57:0:
xtime_l.h:89:9: note: #pragma message: For the sleep routines, Global timer is being used
 #pragma message ("For the sleep routines, Global timer is being used")
         ^~~~~~~
In file included from usleep.c:60:0:
xtime_l.h:89:9: note: #pragma message: For the sleep routines, Global timer is being used
 #pragma message ("For the sleep routines, Global timer is being used")
         ^~~~~~~
In file included from xil_sleeptimer.c:54:0:
xtime_l.h:89:9: note: #pragma message: For the sleep routines, Global timer is being used
 #pragma message ("For the sleep routines, Global timer is being used")
         ^~~~~~~
In file included from xtime_l.c:53:0:
xtime_l.h:89:9: note: #pragma message: For the sleep routines, Global timer is being used
 #pragma message ("For the sleep routines, Global timer is being used")
         ^~~~~~~
"Running Make libs in ps7_cortexa9_0/libsrc/uartps_v3_6/src"
make -C ps7_cortexa9_0/libsrc/uartps_v3_6/src -s libs  "SHELL=CMD" "COMPILER=arm-none-eabi-gcc" "ARCHIVER=arm-none-eabi-ar" "COMPILER_FLAGS=  -O2 -c" "EXTRA_COMPILER_FLAGS=-mcpu=cortex-a9 -mfpu=vfpv3 -mfloat-abi=hard -nostartfiles -g -Wall -Wextra"
"Compiling uartps"
"Running Make libs in ps7_cortexa9_0/libsrc/xadcps_v2_2/src"
make -C ps7_cortexa9_0/libsrc/xadcps_v2_2/src -s libs  "SHELL=CMD" "COMPILER=arm-none-eabi-gcc" "ARCHIVER=arm-none-eabi-ar" "COMPILER_FLAGS=  -O2 -c" "EXTRA_COMPILER_FLAGS=-mcpu=cortex-a9 -mfpu=vfpv3 -mfloat-abi=hard -nostartfiles -g -Wall -Wextra"
"Compiling xadcps"
'Finished building libraries'

**** Build of configuration Debug for project encoder1 ****

Nothing to build for project encoder1
22:33:10 **** Auto Build of configuration Debug for project encoder1 ****
make pre-build main-build 
a9-linaro-pre-build-step
' '
'Building file: ../src/encoder.c'
'Invoking: ARM v7 gcc compiler'
arm-none-eabi-gcc -Wall -O0 -g3 -c -fmessage-length=0 -MT"src/encoder.o" -mcpu=cortex-a9 -mfpu=vfpv3 -mfloat-abi=hard -I../../encoder1_bsp/ps7_cortexa9_0/include -MMD -MP -MF"src/encoder.d" -MT"src/encoder.o" -o "src/encoder.o" "../src/encoder.c"
../src/encoder.c: In function 'main':
../src/encoder.c:24:5: warning: implicit declaration of function 'usleep' [-Wimplicit-function-declaration]
     usleep(10000);
     ^~~~~~
'Finished building: ../src/encoder.c'
' '
'Building target: encoder1.elf'
'Invoking: ARM v7 gcc linker'
arm-none-eabi-gcc -mcpu=cortex-a9 -mfpu=vfpv3 -mfloat-abi=hard -Wl,-build-id=none -specs=Xilinx.spec -Wl,-T -Wl,../src/lscript.ld -L../../encoder1_bsp/ps7_cortexa9_0/lib -o "encoder1.elf"  ./src/encoder.o   -Wl,--start-group,-lxil,-lgcc,-lc,--end-group
'Finished building target: encoder1.elf'
' '
'Invoking: ARM v7 Print Size'
arm-none-eabi-size encoder1.elf  |tee "encoder1.elf.size"
   text	   data	    bss	    dec	    hex	filename
  22204	   1144	  22568	  45916	   b35c	encoder1.elf
'Finished building: encoder1.elf.size'
' '
22:35:33 **** Auto Build of configuration Debug for project encoder1 ****
make pre-build main-build 
a9-linaro-pre-build-step
' '
'Building file: ../src/encoder.c'
'Invoking: ARM v7 gcc compiler'
arm-none-eabi-gcc -Wall -O0 -g3 -c -fmessage-length=0 -MT"src/encoder.o" -mcpu=cortex-a9 -mfpu=vfpv3 -mfloat-abi=hard -I../../encoder1_bsp/ps7_cortexa9_0/include -MMD -MP -MF"src/encoder.d" -MT"src/encoder.o" -o "src/encoder.o" "../src/encoder.c"
../src/encoder.c: In function 'main':
../src/encoder.c:24:5: warning: implicit declaration of function 'usleep' [-Wimplicit-function-declaration]
     usleep(100000);
     ^~~~~~
'Finished building: ../src/encoder.c'
' '
'Building target: encoder1.elf'
'Invoking: ARM v7 gcc linker'
arm-none-eabi-gcc -mcpu=cortex-a9 -mfpu=vfpv3 -mfloat-abi=hard -Wl,-build-id=none -specs=Xilinx.spec -Wl,-T -Wl,../src/lscript.ld -L../../encoder1_bsp/ps7_cortexa9_0/lib -o "encoder1.elf"  ./src/encoder.o   -Wl,--start-group,-lxil,-lgcc,-lc,--end-group
'Finished building target: encoder1.elf'
' '
'Invoking: ARM v7 Print Size'
arm-none-eabi-size encoder1.elf  |tee "encoder1.elf.size"
   text	   data	    bss	    dec	    hex	filename
  22204	   1144	  22568	  45916	   b35c	encoder1.elf
'Finished building: encoder1.elf.size'
' '
22:36:23 **** Incremental Build of configuration Debug for project encoder1 ****
make pre-build main-build 
a9-linaro-pre-build-step
' '
make: No se hace nada para `main-build'.
23:03:08 **** Auto Build of configuration Debug for project encoder1 ****
make pre-build main-build 
a9-linaro-pre-build-step
' '
'Building file: ../src/encoder.c'
'Invoking: ARM v7 gcc compiler'
arm-none-eabi-gcc -Wall -O0 -g3 -c -fmessage-length=0 -MT"src/encoder.o" -mcpu=cortex-a9 -mfpu=vfpv3 -mfloat-abi=hard -I../../encoder1_bsp/ps7_cortexa9_0/include -MMD -MP -MF"src/encoder.d" -MT"src/encoder.o" -o "src/encoder.o" "../src/encoder.c"
../src/encoder.c: In function 'main':
../src/encoder.c:23:5: warning: implicit declaration of function 'usleep' [-Wimplicit-function-declaration]
     usleep(100000);
     ^~~~~~
'Finished building: ../src/encoder.c'
' '
'Building target: encoder1.elf'
'Invoking: ARM v7 gcc linker'
arm-none-eabi-gcc -mcpu=cortex-a9 -mfpu=vfpv3 -mfloat-abi=hard -Wl,-build-id=none -specs=Xilinx.spec -Wl,-T -Wl,../src/lscript.ld -L../../encoder1_bsp/ps7_cortexa9_0/lib -o "encoder1.elf"  ./src/encoder.o   -Wl,--start-group,-lxil,-lgcc,-lc,--end-group
'Finished building target: encoder1.elf'
' '
'Invoking: ARM v7 Print Size'
arm-none-eabi-size encoder1.elf  |tee "encoder1.elf.size"
   text	   data	    bss	    dec	    hex	filename
  22204	   1144	  22568	  45916	   b35c	encoder1.elf
'Finished building: encoder1.elf.size'
' '
23:54:22 **** Build of project encoder2_bsp ****
make -k all 
"Running Make include in ps7_cortexa9_0/libsrc/coresightps_dcc_v1_4/src"
make -C ps7_cortexa9_0/libsrc/coresightps_dcc_v1_4/src -s include  "SHELL=CMD" "COMPILER=arm-none-eabi-gcc" "ARCHIVER=arm-none-eabi-ar" "COMPILER_FLAGS=  -O2 -c" "EXTRA_COMPILER_FLAGS=-mcpu=cortex-a9 -mfpu=vfpv3 -mfloat-abi=hard -nostartfiles -g -Wall -Wextra"
"Running Make include in ps7_cortexa9_0/libsrc/cpu_cortexa9_v2_6/src"
make -C ps7_cortexa9_0/libsrc/cpu_cortexa9_v2_6/src -s include  "SHELL=CMD" "COMPILER=arm-none-eabi-gcc" "ARCHIVER=arm-none-eabi-ar" "COMPILER_FLAGS=  -O2 -c" "EXTRA_COMPILER_FLAGS=-mcpu=cortex-a9 -mfpu=vfpv3 -mfloat-abi=hard -nostartfiles -g -Wall -Wextra"
"Running Make include in ps7_cortexa9_0/libsrc/ddrps_v1_0/src"
make -C ps7_cortexa9_0/libsrc/ddrps_v1_0/src -s include  "SHELL=CMD" "COMPILER=arm-none-eabi-gcc" "ARCHIVER=arm-none-eabi-ar" "COMPILER_FLAGS=  -O2 -c" "EXTRA_COMPILER_FLAGS=-mcpu=cortex-a9 -mfpu=vfpv3 -mfloat-abi=hard -nostartfiles -g -Wall -Wextra"
"Running Make include in ps7_cortexa9_0/libsrc/devcfg_v3_5/src"
make -C ps7_cortexa9_0/libsrc/devcfg_v3_5/src -s include  "SHELL=CMD" "COMPILER=arm-none-eabi-gcc" "ARCHIVER=arm-none-eabi-ar" "COMPILER_FLAGS=  -O2 -c" "EXTRA_COMPILER_FLAGS=-mcpu=cortex-a9 -mfpu=vfpv3 -mfloat-abi=hard -nostartfiles -g -Wall -Wextra"
"Running Make include in ps7_cortexa9_0/libsrc/dmaps_v2_3/src"
make -C ps7_cortexa9_0/libsrc/dmaps_v2_3/src -s include  "SHELL=CMD" "COMPILER=arm-none-eabi-gcc" "ARCHIVER=arm-none-eabi-ar" "COMPILER_FLAGS=  -O2 -c" "EXTRA_COMPILER_FLAGS=-mcpu=cortex-a9 -mfpu=vfpv3 -mfloat-abi=hard -nostartfiles -g -Wall -Wextra"
"Running Make include in ps7_cortexa9_0/libsrc/encoder_ip_v1_0/src"
make -C ps7_cortexa9_0/libsrc/encoder_ip_v1_0/src -s include  "SHELL=CMD" "COMPILER=arm-none-eabi-gcc" "ARCHIVER=arm-none-eabi-ar" "COMPILER_FLAGS=  -O2 -c" "EXTRA_COMPILER_FLAGS=-mcpu=cortex-a9 -mfpu=vfpv3 -mfloat-abi=hard -nostartfiles -g -Wall -Wextra"
"Running Make include in ps7_cortexa9_0/libsrc/gpiops_v3_3/src"
make -C ps7_cortexa9_0/libsrc/gpiops_v3_3/src -s include  "SHELL=CMD" "COMPILER=arm-none-eabi-gcc" "ARCHIVER=arm-none-eabi-ar" "COMPILER_FLAGS=  -O2 -c" "EXTRA_COMPILER_FLAGS=-mcpu=cortex-a9 -mfpu=vfpv3 -mfloat-abi=hard -nostartfiles -g -Wall -Wextra"
"Running Make include in ps7_cortexa9_0/libsrc/scugic_v3_9/src"
make -C ps7_cortexa9_0/libsrc/scugic_v3_9/src -s include  "SHELL=CMD" "COMPILER=arm-none-eabi-gcc" "ARCHIVER=arm-none-eabi-ar" "COMPILER_FLAGS=  -O2 -c" "EXTRA_COMPILER_FLAGS=-mcpu=cortex-a9 -mfpu=vfpv3 -mfloat-abi=hard -nostartfiles -g -Wall -Wextra"
"Running Make include in ps7_cortexa9_0/libsrc/scutimer_v2_1/src"
make -C ps7_cortexa9_0/libsrc/scutimer_v2_1/src -s include  "SHELL=CMD" "COMPILER=arm-none-eabi-gcc" "ARCHIVER=arm-none-eabi-ar" "COMPILER_FLAGS=  -O2 -c" "EXTRA_COMPILER_FLAGS=-mcpu=cortex-a9 -mfpu=vfpv3 -mfloat-abi=hard -nostartfiles -g -Wall -Wextra"
"Running Make include in ps7_cortexa9_0/libsrc/scuwdt_v2_1/src"
make -C ps7_cortexa9_0/libsrc/scuwdt_v2_1/src -s include  "SHELL=CMD" "COMPILER=arm-none-eabi-gcc" "ARCHIVER=arm-none-eabi-ar" "COMPILER_FLAGS=  -O2 -c" "EXTRA_COMPILER_FLAGS=-mcpu=cortex-a9 -mfpu=vfpv3 -mfloat-abi=hard -nostartfiles -g -Wall -Wextra"
"Running Make include in ps7_cortexa9_0/libsrc/standalone_v6_6/src"
make -C ps7_cortexa9_0/libsrc/standalone_v6_6/src -s include  "SHELL=CMD" "COMPILER=arm-none-eabi-gcc" "ARCHIVER=arm-none-eabi-ar" "COMPILER_FLAGS=  -O2 -c" "EXTRA_COMPILER_FLAGS=-mcpu=cortex-a9 -mfpu=vfpv3 -mfloat-abi=hard -nostartfiles -g -Wall -Wextra"
"Running Make include in ps7_cortexa9_0/libsrc/uartps_v3_6/src"
make -C ps7_cortexa9_0/libsrc/uartps_v3_6/src -s include  "SHELL=CMD" "COMPILER=arm-none-eabi-gcc" "ARCHIVER=arm-none-eabi-ar" "COMPILER_FLAGS=  -O2 -c" "EXTRA_COMPILER_FLAGS=-mcpu=cortex-a9 -mfpu=vfpv3 -mfloat-abi=hard -nostartfiles -g -Wall -Wextra"
"Running Make include in ps7_cortexa9_0/libsrc/xadcps_v2_2/src"
make -C ps7_cortexa9_0/libsrc/xadcps_v2_2/src -s include  "SHELL=CMD" "COMPILER=arm-none-eabi-gcc" "ARCHIVER=arm-none-eabi-ar" "COMPILER_FLAGS=  -O2 -c" "EXTRA_COMPILER_FLAGS=-mcpu=cortex-a9 -mfpu=vfpv3 -mfloat-abi=hard -nostartfiles -g -Wall -Wextra"
"Running Make libs in ps7_cortexa9_0/libsrc/coresightps_dcc_v1_4/src"
make -C ps7_cortexa9_0/libsrc/coresightps_dcc_v1_4/src -s libs  "SHELL=CMD" "COMPILER=arm-none-eabi-gcc" "ARCHIVER=arm-none-eabi-ar" "COMPILER_FLAGS=  -O2 -c" "EXTRA_COMPILER_FLAGS=-mcpu=cortex-a9 -mfpu=vfpv3 -mfloat-abi=hard -nostartfiles -g -Wall -Wextra"
"Compiling coresightps_dcc"
arm-none-eabi-ar: creating ../../../lib/libxil.a
"Running Make libs in ps7_cortexa9_0/libsrc/cpu_cortexa9_v2_6/src"
make -C ps7_cortexa9_0/libsrc/cpu_cortexa9_v2_6/src -s libs  "SHELL=CMD" "COMPILER=arm-none-eabi-gcc" "ARCHIVER=arm-none-eabi-ar" "COMPILER_FLAGS=  -O2 -c" "EXTRA_COMPILER_FLAGS=-mcpu=cortex-a9 -mfpu=vfpv3 -mfloat-abi=hard -nostartfiles -g -Wall -Wextra"
"Compiling cpu_cortexa9"
"Running Make libs in ps7_cortexa9_0/libsrc/ddrps_v1_0/src"
make -C ps7_cortexa9_0/libsrc/ddrps_v1_0/src -s libs  "SHELL=CMD" "COMPILER=arm-none-eabi-gcc" "ARCHIVER=arm-none-eabi-ar" "COMPILER_FLAGS=  -O2 -c" "EXTRA_COMPILER_FLAGS=-mcpu=cortex-a9 -mfpu=vfpv3 -mfloat-abi=hard -nostartfiles -g -Wall -Wextra"
"Compiling ddrps"
"Running Make libs in ps7_cortexa9_0/libsrc/devcfg_v3_5/src"
make -C ps7_cortexa9_0/libsrc/devcfg_v3_5/src -s libs  "SHELL=CMD" "COMPILER=arm-none-eabi-gcc" "ARCHIVER=arm-none-eabi-ar" "COMPILER_FLAGS=  -O2 -c" "EXTRA_COMPILER_FLAGS=-mcpu=cortex-a9 -mfpu=vfpv3 -mfloat-abi=hard -nostartfiles -g -Wall -Wextra"
"Compiling devcfg"
"Running Make libs in ps7_cortexa9_0/libsrc/dmaps_v2_3/src"
make -C ps7_cortexa9_0/libsrc/dmaps_v2_3/src -s libs  "SHELL=CMD" "COMPILER=arm-none-eabi-gcc" "ARCHIVER=arm-none-eabi-ar" "COMPILER_FLAGS=  -O2 -c" "EXTRA_COMPILER_FLAGS=-mcpu=cortex-a9 -mfpu=vfpv3 -mfloat-abi=hard -nostartfiles -g -Wall -Wextra"
"Compiling dmaps"
"Running Make libs in ps7_cortexa9_0/libsrc/encoder_ip_v1_0/src"
make -C ps7_cortexa9_0/libsrc/encoder_ip_v1_0/src -s libs  "SHELL=CMD" "COMPILER=arm-none-eabi-gcc" "ARCHIVER=arm-none-eabi-ar" "COMPILER_FLAGS=  -O2 -c" "EXTRA_COMPILER_FLAGS=-mcpu=cortex-a9 -mfpu=vfpv3 -mfloat-abi=hard -nostartfiles -g -Wall -Wextra"
"Compiling encoder_ip..."
encoder_ip_selftest.c: In function 'ENCODER_IP_Reg_SelfTest':
encoder_ip_selftest.c:52:59: warning: comparison between signed and unsigned integer expressions [-Wsign-compare]
    if ( ENCODER_IP_mReadReg (baseaddr, read_loop_index*4) != (read_loop_index+1)*READ_WRITE_MUL_FACTOR){
                                                           ^~
encoder_ip_selftest.c:36:6: warning: unused variable 'Index' [-Wunused-variable]
  int Index;
      ^~~~~
"Running Make libs in ps7_cortexa9_0/libsrc/gpiops_v3_3/src"
make -C ps7_cortexa9_0/libsrc/gpiops_v3_3/src -s libs  "SHELL=CMD" "COMPILER=arm-none-eabi-gcc" "ARCHIVER=arm-none-eabi-ar" "COMPILER_FLAGS=  -O2 -c" "EXTRA_COMPILER_FLAGS=-mcpu=cortex-a9 -mfpu=vfpv3 -mfloat-abi=hard -nostartfiles -g -Wall -Wextra"
"Compiling gpiops"
"Running Make libs in ps7_cortexa9_0/libsrc/scugic_v3_9/src"
make -C ps7_cortexa9_0/libsrc/scugic_v3_9/src -s libs  "SHELL=CMD" "COMPILER=arm-none-eabi-gcc" "ARCHIVER=arm-none-eabi-ar" "COMPILER_FLAGS=  -O2 -c" "EXTRA_COMPILER_FLAGS=-mcpu=cortex-a9 -mfpu=vfpv3 -mfloat-abi=hard -nostartfiles -g -Wall -Wextra"
"Compiling scugic"
"Running Make libs in ps7_cortexa9_0/libsrc/scutimer_v2_1/src"
make -C ps7_cortexa9_0/libsrc/scutimer_v2_1/src -s libs  "SHELL=CMD" "COMPILER=arm-none-eabi-gcc" "ARCHIVER=arm-none-eabi-ar" "COMPILER_FLAGS=  -O2 -c" "EXTRA_COMPILER_FLAGS=-mcpu=cortex-a9 -mfpu=vfpv3 -mfloat-abi=hard -nostartfiles -g -Wall -Wextra"
"Compiling scutimer"
"Running Make libs in ps7_cortexa9_0/libsrc/scuwdt_v2_1/src"
make -C ps7_cortexa9_0/libsrc/scuwdt_v2_1/src -s libs  "SHELL=CMD" "COMPILER=arm-none-eabi-gcc" "ARCHIVER=arm-none-eabi-ar" "COMPILER_FLAGS=  -O2 -c" "EXTRA_COMPILER_FLAGS=-mcpu=cortex-a9 -mfpu=vfpv3 -mfloat-abi=hard -nostartfiles -g -Wall -Wextra"
"Compiling scuwdt"
"Running Make libs in ps7_cortexa9_0/libsrc/standalone_v6_6/src"
make -C ps7_cortexa9_0/libsrc/standalone_v6_6/src -s libs  "SHELL=CMD" "COMPILER=arm-none-eabi-gcc" "ARCHIVER=arm-none-eabi-ar" "COMPILER_FLAGS=  -O2 -c" "EXTRA_COMPILER_FLAGS=-mcpu=cortex-a9 -mfpu=vfpv3 -mfloat-abi=hard -nostartfiles -g -Wall -Wextra"
"Compiling standalone"
In file included from sleep.c:57:0:
xtime_l.h:89:9: note: #pragma message: For the sleep routines, Global timer is being used
 #pragma message ("For the sleep routines, Global timer is being used")
         ^~~~~~~
In file included from usleep.c:60:0:
xtime_l.h:89:9: note: #pragma message: For the sleep routines, Global timer is being used
 #pragma message ("For the sleep routines, Global timer is being used")
         ^~~~~~~
In file included from xil_sleeptimer.c:54:0:
xtime_l.h:89:9: note: #pragma message: For the sleep routines, Global timer is being used
 #pragma message ("For the sleep routines, Global timer is being used")
         ^~~~~~~
In file included from xtime_l.c:53:0:
xtime_l.h:89:9: note: #pragma message: For the sleep routines, Global timer is being used
 #pragma message ("For the sleep routines, Global timer is being used")
         ^~~~~~~
"Running Make libs in ps7_cortexa9_0/libsrc/uartps_v3_6/src"
make -C ps7_cortexa9_0/libsrc/uartps_v3_6/src -s libs  "SHELL=CMD" "COMPILER=arm-none-eabi-gcc" "ARCHIVER=arm-none-eabi-ar" "COMPILER_FLAGS=  -O2 -c" "EXTRA_COMPILER_FLAGS=-mcpu=cortex-a9 -mfpu=vfpv3 -mfloat-abi=hard -nostartfiles -g -Wall -Wextra"
"Compiling uartps"
"Running Make libs in ps7_cortexa9_0/libsrc/xadcps_v2_2/src"
make -C ps7_cortexa9_0/libsrc/xadcps_v2_2/src -s libs  "SHELL=CMD" "COMPILER=arm-none-eabi-gcc" "ARCHIVER=arm-none-eabi-ar" "COMPILER_FLAGS=  -O2 -c" "EXTRA_COMPILER_FLAGS=-mcpu=cortex-a9 -mfpu=vfpv3 -mfloat-abi=hard -nostartfiles -g -Wall -Wextra"
"Compiling xadcps"
'Finished building libraries'

**** Build of configuration Debug for project encoder2 ****

Nothing to build for project encoder2
23:55:32 **** Auto Build of configuration Debug for project encoder2 ****
make pre-build main-build 
a9-linaro-pre-build-step
' '
'Building file: ../src/encoder.c'
'Invoking: ARM v7 gcc compiler'
arm-none-eabi-gcc -Wall -O0 -g3 -c -fmessage-length=0 -MT"src/encoder.o" -mcpu=cortex-a9 -mfpu=vfpv3 -mfloat-abi=hard -I../../encoder2_bsp/ps7_cortexa9_0/include -MMD -MP -MF"src/encoder.d" -MT"src/encoder.o" -o "src/encoder.o" "../src/encoder.c"
../src/encoder.c: In function 'main':
../src/encoder.c:24:5: warning: implicit declaration of function 'usleep' [-Wimplicit-function-declaration]
     usleep(10000);
     ^~~~~~
'Finished building: ../src/encoder.c'
' '
'Building target: encoder2.elf'
'Invoking: ARM v7 gcc linker'
arm-none-eabi-gcc -mcpu=cortex-a9 -mfpu=vfpv3 -mfloat-abi=hard -Wl,-build-id=none -specs=Xilinx.spec -Wl,-T -Wl,../src/lscript.ld -L../../encoder2_bsp/ps7_cortexa9_0/lib -o "encoder2.elf"  ./src/encoder.o   -Wl,--start-group,-lxil,-lgcc,-lc,--end-group
'Finished building target: encoder2.elf'
' '
'Invoking: ARM v7 Print Size'
arm-none-eabi-size encoder2.elf  |tee "encoder2.elf.size"
   text	   data	    bss	    dec	    hex	filename
  22204	   1144	  22568	  45916	   b35c	encoder2.elf
'Finished building: encoder2.elf.size'
' '
23:57:52 **** Incremental Build of configuration Debug for project encoder2 ****
make pre-build main-build 
a9-linaro-pre-build-step
' '
make: No se hace nada para `main-build'.
23:59:08 **** Incremental Build of configuration Debug for project encoder2 ****
make pre-build main-build 
a9-linaro-pre-build-step
' '
'Building file: ../src/encoder.c'
'Invoking: ARM v7 gcc compiler'
arm-none-eabi-gcc -Wall -O0 -g3 -c -fmessage-length=0 -MT"src/encoder.o" -mcpu=cortex-a9 -mfpu=vfpv3 -mfloat-abi=hard -I../../encoder2_bsp/ps7_cortexa9_0/include -MMD -MP -MF"src/encoder.d" -MT"src/encoder.o" -o "src/encoder.o" "../src/encoder.c"
../src/encoder.c: In function 'main':
../src/encoder.c:24:5: warning: implicit declaration of function 'usleep' [-Wimplicit-function-declaration]
     usleep(100000);
     ^~~~~~
'Finished building: ../src/encoder.c'
' '
'Building target: encoder2.elf'
'Invoking: ARM v7 gcc linker'
arm-none-eabi-gcc -mcpu=cortex-a9 -mfpu=vfpv3 -mfloat-abi=hard -Wl,-build-id=none -specs=Xilinx.spec -Wl,-T -Wl,../src/lscript.ld -L../../encoder2_bsp/ps7_cortexa9_0/lib -o "encoder2.elf"  ./src/encoder.o   -Wl,--start-group,-lxil,-lgcc,-lc,--end-group
'Finished building target: encoder2.elf'
' '
'Invoking: ARM v7 Print Size'
arm-none-eabi-size encoder2.elf  |tee "encoder2.elf.size"
   text	   data	    bss	    dec	    hex	filename
  22204	   1144	  22568	  45916	   b35c	encoder2.elf
'Finished building: encoder2.elf.size'
' '
23:59:59 **** Incremental Build of configuration Debug for project encoder2 ****
make pre-build main-build 
a9-linaro-pre-build-step
' '
'Building file: ../src/encoder.c'
'Invoking: ARM v7 gcc compiler'
arm-none-eabi-gcc -Wall -O0 -g3 -c -fmessage-length=0 -MT"src/encoder.o" -mcpu=cortex-a9 -mfpu=vfpv3 -mfloat-abi=hard -I../../encoder2_bsp/ps7_cortexa9_0/include -MMD -MP -MF"src/encoder.d" -MT"src/encoder.o" -o "src/encoder.o" "../src/encoder.c"
../src/encoder.c: In function 'main':
../src/encoder.c:23:5: warning: implicit declaration of function 'usleep' [-Wimplicit-function-declaration]
     usleep(100000);
     ^~~~~~
'Finished building: ../src/encoder.c'
' '
'Building target: encoder2.elf'
'Invoking: ARM v7 gcc linker'
arm-none-eabi-gcc -mcpu=cortex-a9 -mfpu=vfpv3 -mfloat-abi=hard -Wl,-build-id=none -specs=Xilinx.spec -Wl,-T -Wl,../src/lscript.ld -L../../encoder2_bsp/ps7_cortexa9_0/lib -o "encoder2.elf"  ./src/encoder.o   -Wl,--start-group,-lxil,-lgcc,-lc,--end-group
'Finished building target: encoder2.elf'
' '
'Invoking: ARM v7 Print Size'
arm-none-eabi-size encoder2.elf  |tee "encoder2.elf.size"
   text	   data	    bss	    dec	    hex	filename
  22204	   1144	  22568	  45916	   b35c	encoder2.elf
'Finished building: encoder2.elf.size'
' '
00:00:32 **** Incremental Build of configuration Debug for project encoder2 ****
make pre-build main-build 
a9-linaro-pre-build-step
' '
make: No se hace nada para `main-build'.
00:01:08 **** Auto Build of configuration Debug for project encoder2 ****
make pre-build main-build 
a9-linaro-pre-build-step
' '
'Building file: ../src/encoder.c'
'Invoking: ARM v7 gcc compiler'
arm-none-eabi-gcc -Wall -O0 -g3 -c -fmessage-length=0 -MT"src/encoder.o" -mcpu=cortex-a9 -mfpu=vfpv3 -mfloat-abi=hard -I../../encoder2_bsp/ps7_cortexa9_0/include -MMD -MP -MF"src/encoder.d" -MT"src/encoder.o" -o "src/encoder.o" "../src/encoder.c"
../src/encoder.c: In function 'main':
../src/encoder.c:24:5: warning: implicit declaration of function 'usleep' [-Wimplicit-function-declaration]
     usleep(100000);
     ^~~~~~
'Finished building: ../src/encoder.c'
' '
'Building target: encoder2.elf'
'Invoking: ARM v7 gcc linker'
arm-none-eabi-gcc -mcpu=cortex-a9 -mfpu=vfpv3 -mfloat-abi=hard -Wl,-build-id=none -specs=Xilinx.spec -Wl,-T -Wl,../src/lscript.ld -L../../encoder2_bsp/ps7_cortexa9_0/lib -o "encoder2.elf"  ./src/encoder.o   -Wl,--start-group,-lxil,-lgcc,-lc,--end-group
'Finished building target: encoder2.elf'
' '
'Invoking: ARM v7 Print Size'
arm-none-eabi-size encoder2.elf  |tee "encoder2.elf.size"
   text	   data	    bss	    dec	    hex	filename
  22204	   1144	  22568	  45916	   b35c	encoder2.elf
'Finished building: encoder2.elf.size'
' '
00:01:25 **** Incremental Build of configuration Debug for project encoder2 ****
make pre-build main-build 
a9-linaro-pre-build-step
' '
make: No se hace nada para `main-build'.
00:03:01 **** Incremental Build of configuration Debug for project encoder2 ****
make pre-build main-build 
a9-linaro-pre-build-step
' '
'Building file: ../src/encoder.c'
'Invoking: ARM v7 gcc compiler'
arm-none-eabi-gcc -Wall -O0 -g3 -c -fmessage-length=0 -MT"src/encoder.o" -mcpu=cortex-a9 -mfpu=vfpv3 -mfloat-abi=hard -I../../encoder2_bsp/ps7_cortexa9_0/include -MMD -MP -MF"src/encoder.d" -MT"src/encoder.o" -o "src/encoder.o" "../src/encoder.c"
../src/encoder.c: In function 'main':
../src/encoder.c:24:5: warning: implicit declaration of function 'usleep' [-Wimplicit-function-declaration]
     usleep(100000);
     ^~~~~~
'Finished building: ../src/encoder.c'
' '
'Building target: encoder2.elf'
'Invoking: ARM v7 gcc linker'
arm-none-eabi-gcc -mcpu=cortex-a9 -mfpu=vfpv3 -mfloat-abi=hard -Wl,-build-id=none -specs=Xilinx.spec -Wl,-T -Wl,../src/lscript.ld -L../../encoder2_bsp/ps7_cortexa9_0/lib -o "encoder2.elf"  ./src/encoder.o   -Wl,--start-group,-lxil,-lgcc,-lc,--end-group
'Finished building target: encoder2.elf'
' '
'Invoking: ARM v7 Print Size'
arm-none-eabi-size encoder2.elf  |tee "encoder2.elf.size"
   text	   data	    bss	    dec	    hex	filename
  22268	   1144	  22568	  45980	   b39c	encoder2.elf
'Finished building: encoder2.elf.size'
' '
00:06:27 **** Incremental Build of configuration Debug for project encoder2 ****
make pre-build main-build 
a9-linaro-pre-build-step
' '
'Building file: ../src/encoder.c'
'Invoking: ARM v7 gcc compiler'
arm-none-eabi-gcc -Wall -O0 -g3 -c -fmessage-length=0 -MT"src/encoder.o" -mcpu=cortex-a9 -mfpu=vfpv3 -mfloat-abi=hard -I../../encoder2_bsp/ps7_cortexa9_0/include -MMD -MP -MF"src/encoder.d" -MT"src/encoder.o" -o "src/encoder.o" "../src/encoder.c"
../src/encoder.c: In function 'main':
../src/encoder.c:24:6: warning: implicit declaration of function 'usleep' [-Wimplicit-function-declaration]
      usleep(10000);
      ^~~~~~
'Finished building: ../src/encoder.c'
' '
'Building target: encoder2.elf'
'Invoking: ARM v7 gcc linker'
arm-none-eabi-gcc -mcpu=cortex-a9 -mfpu=vfpv3 -mfloat-abi=hard -Wl,-build-id=none -specs=Xilinx.spec -Wl,-T -Wl,../src/lscript.ld -L../../encoder2_bsp/ps7_cortexa9_0/lib -o "encoder2.elf"  ./src/encoder.o   -Wl,--start-group,-lxil,-lgcc,-lc,--end-group
'Finished building target: encoder2.elf'
' '
'Invoking: ARM v7 Print Size'
arm-none-eabi-size encoder2.elf  |tee "encoder2.elf.size"
   text	   data	    bss	    dec	    hex	filename
  22268	   1144	  22568	  45980	   b39c	encoder2.elf
'Finished building: encoder2.elf.size'
' '
00:08:50 **** Auto Build of configuration Debug for project encoder2 ****
make pre-build main-build 
a9-linaro-pre-build-step
' '
'Building file: ../src/encoder.c'
'Invoking: ARM v7 gcc compiler'
arm-none-eabi-gcc -Wall -O0 -g3 -c -fmessage-length=0 -MT"src/encoder.o" -mcpu=cortex-a9 -mfpu=vfpv3 -mfloat-abi=hard -I../../encoder2_bsp/ps7_cortexa9_0/include -MMD -MP -MF"src/encoder.d" -MT"src/encoder.o" -o "src/encoder.o" "../src/encoder.c"
../src/encoder.c: In function 'main':
../src/encoder.c:12:18: warning: initialization makes integer from pointer without a cast [-Wint-conversion]
  char sentido = {"horario"};
                  ^~~~~~~~~
../src/encoder.c:12:18: note: (near initialization for 'sentido')
../src/encoder.c:25:6: warning: implicit declaration of function 'usleep' [-Wimplicit-function-declaration]
      usleep(10000);
      ^~~~~~
'Finished building: ../src/encoder.c'
' '
'Building target: encoder2.elf'
'Invoking: ARM v7 gcc linker'
arm-none-eabi-gcc -mcpu=cortex-a9 -mfpu=vfpv3 -mfloat-abi=hard -Wl,-build-id=none -specs=Xilinx.spec -Wl,-T -Wl,../src/lscript.ld -L../../encoder2_bsp/ps7_cortexa9_0/lib -o "encoder2.elf"  ./src/encoder.o   -Wl,--start-group,-lxil,-lgcc,-lc,--end-group
'Finished building target: encoder2.elf'
' '
'Invoking: ARM v7 Print Size'
arm-none-eabi-size encoder2.elf  |tee "encoder2.elf.size"
   text	   data	    bss	    dec	    hex	filename
  22280	   1144	  22568	  45992	   b3a8	encoder2.elf
'Finished building: encoder2.elf.size'
' '
00:09:57 **** Auto Build of configuration Debug for project encoder2 ****
make pre-build main-build 
a9-linaro-pre-build-step
' '
'Building file: ../src/encoder.c'
'Invoking: ARM v7 gcc compiler'
arm-none-eabi-gcc -Wall -O0 -g3 -c -fmessage-length=0 -MT"src/encoder.o" -mcpu=cortex-a9 -mfpu=vfpv3 -mfloat-abi=hard -I../../encoder2_bsp/ps7_cortexa9_0/include -MMD -MP -MF"src/encoder.d" -MT"src/encoder.o" -o "src/encoder.o" "../src/encoder.c"
../src/encoder.c: In function 'main':
../src/encoder.c:25:6: warning: implicit declaration of function 'usleep' [-Wimplicit-function-declaration]
      usleep(10000);
      ^~~~~~
'Finished building: ../src/encoder.c'
' '
'Building target: encoder2.elf'
'Invoking: ARM v7 gcc linker'
arm-none-eabi-gcc -mcpu=cortex-a9 -mfpu=vfpv3 -mfloat-abi=hard -Wl,-build-id=none -specs=Xilinx.spec -Wl,-T -Wl,../src/lscript.ld -L../../encoder2_bsp/ps7_cortexa9_0/lib -o "encoder2.elf"  ./src/encoder.o   -Wl,--start-group,-lxil,-lgcc,-lc,--end-group
'Finished building target: encoder2.elf'
' '
'Invoking: ARM v7 Print Size'
arm-none-eabi-size encoder2.elf  |tee "encoder2.elf.size"
   text	   data	    bss	    dec	    hex	filename
  22280	   1144	  22568	  45992	   b3a8	encoder2.elf
'Finished building: encoder2.elf.size'
' '
00:10:23 **** Incremental Build of configuration Debug for project encoder2 ****
make pre-build main-build 
a9-linaro-pre-build-step
' '
make: No se hace nada para `main-build'.
00:11:16 **** Incremental Build of configuration Debug for project encoder2 ****
make pre-build main-build 
a9-linaro-pre-build-step
' '
'Building file: ../src/encoder.c'
'Invoking: ARM v7 gcc compiler'
arm-none-eabi-gcc -Wall -O0 -g3 -c -fmessage-length=0 -MT"src/encoder.o" -mcpu=cortex-a9 -mfpu=vfpv3 -mfloat-abi=hard -I../../encoder2_bsp/ps7_cortexa9_0/include -MMD -MP -MF"src/encoder.d" -MT"src/encoder.o" -o "src/encoder.o" "../src/encoder.c"
../src/encoder.c: In function 'main':
../src/encoder.c:25:6: warning: implicit declaration of function 'usleep' [-Wimplicit-function-declaration]
      usleep(10000);
      ^~~~~~
'Finished building: ../src/encoder.c'
' '
'Building target: encoder2.elf'
'Invoking: ARM v7 gcc linker'
arm-none-eabi-gcc -mcpu=cortex-a9 -mfpu=vfpv3 -mfloat-abi=hard -Wl,-build-id=none -specs=Xilinx.spec -Wl,-T -Wl,../src/lscript.ld -L../../encoder2_bsp/ps7_cortexa9_0/lib -o "encoder2.elf"  ./src/encoder.o   -Wl,--start-group,-lxil,-lgcc,-lc,--end-group
'Finished building target: encoder2.elf'
' '
'Invoking: ARM v7 Print Size'
arm-none-eabi-size encoder2.elf  |tee "encoder2.elf.size"
   text	   data	    bss	    dec	    hex	filename
  22280	   1144	  22568	  45992	   b3a8	encoder2.elf
'Finished building: encoder2.elf.size'
' '
00:14:47 **** Auto Build of configuration Debug for project encoder2 ****
make pre-build main-build 
a9-linaro-pre-build-step
' '
'Building file: ../src/encoder.c'
'Invoking: ARM v7 gcc compiler'
arm-none-eabi-gcc -Wall -O0 -g3 -c -fmessage-length=0 -MT"src/encoder.o" -mcpu=cortex-a9 -mfpu=vfpv3 -mfloat-abi=hard -I../../encoder2_bsp/ps7_cortexa9_0/include -MMD -MP -MF"src/encoder.d" -MT"src/encoder.o" -o "src/encoder.o" "../src/encoder.c"
../src/encoder.c: In function 'main':
../src/encoder.c:14:16: warning: assignment makes integer from pointer without a cast [-Wint-conversion]
  sentido[1][0] = "antihorario";
                ^
../src/encoder.c:15:16: warning: assignment makes integer from pointer without a cast [-Wint-conversion]
  sentido[0][0] = "horario";
                ^
../src/encoder.c:28:6: warning: implicit declaration of function 'usleep' [-Wimplicit-function-declaration]
      usleep(10000);
      ^~~~~~
'Finished building: ../src/encoder.c'
' '
'Building target: encoder2.elf'
'Invoking: ARM v7 gcc linker'
arm-none-eabi-gcc -mcpu=cortex-a9 -mfpu=vfpv3 -mfloat-abi=hard -Wl,-build-id=none -specs=Xilinx.spec -Wl,-T -Wl,../src/lscript.ld -L../../encoder2_bsp/ps7_cortexa9_0/lib -o "encoder2.elf"  ./src/encoder.o   -Wl,--start-group,-lxil,-lgcc,-lc,--end-group
'Finished building target: encoder2.elf'
' '
'Invoking: ARM v7 Print Size'
arm-none-eabi-size encoder2.elf  |tee "encoder2.elf.size"
   text	   data	    bss	    dec	    hex	filename
  22292	   1144	  22568	  46004	   b3b4	encoder2.elf
'Finished building: encoder2.elf.size'
' '
00:16:13 **** Auto Build of configuration Debug for project encoder2 ****
make pre-build main-build 
a9-linaro-pre-build-step
' '
'Building file: ../src/encoder.c'
'Invoking: ARM v7 gcc compiler'
arm-none-eabi-gcc -Wall -O0 -g3 -c -fmessage-length=0 -MT"src/encoder.o" -mcpu=cortex-a9 -mfpu=vfpv3 -mfloat-abi=hard -I../../encoder2_bsp/ps7_cortexa9_0/include -MMD -MP -MF"src/encoder.d" -MT"src/encoder.o" -o "src/encoder.o" "../src/encoder.c"
../src/encoder.c: In function 'main':
../src/encoder.c:26:6: warning: implicit declaration of function 'usleep' [-Wimplicit-function-declaration]
      usleep(10000);
      ^~~~~~
'Finished building: ../src/encoder.c'
' '
'Building target: encoder2.elf'
'Invoking: ARM v7 gcc linker'
arm-none-eabi-gcc -mcpu=cortex-a9 -mfpu=vfpv3 -mfloat-abi=hard -Wl,-build-id=none -specs=Xilinx.spec -Wl,-T -Wl,../src/lscript.ld -L../../encoder2_bsp/ps7_cortexa9_0/lib -o "encoder2.elf"  ./src/encoder.o   -Wl,--start-group,-lxil,-lgcc,-lc,--end-group
'Finished building target: encoder2.elf'
' '
'Invoking: ARM v7 Print Size'
arm-none-eabi-size encoder2.elf  |tee "encoder2.elf.size"
   text	   data	    bss	    dec	    hex	filename
  22300	   1144	  22568	  46012	   b3bc	encoder2.elf
'Finished building: encoder2.elf.size'
' '
00:16:51 **** Auto Build of configuration Debug for project encoder2 ****
make pre-build main-build 
a9-linaro-pre-build-step
' '
'Building file: ../src/encoder.c'
'Invoking: ARM v7 gcc compiler'
arm-none-eabi-gcc -Wall -O0 -g3 -c -fmessage-length=0 -MT"src/encoder.o" -mcpu=cortex-a9 -mfpu=vfpv3 -mfloat-abi=hard -I../../encoder2_bsp/ps7_cortexa9_0/include -MMD -MP -MF"src/encoder.d" -MT"src/encoder.o" -o "src/encoder.o" "../src/encoder.c"
../src/encoder.c: In function 'main':
../src/encoder.c:26:6: warning: implicit declaration of function 'usleep' [-Wimplicit-function-declaration]
      usleep(10000);
      ^~~~~~
'Finished building: ../src/encoder.c'
' '
'Building target: encoder2.elf'
'Invoking: ARM v7 gcc linker'
arm-none-eabi-gcc -mcpu=cortex-a9 -mfpu=vfpv3 -mfloat-abi=hard -Wl,-build-id=none -specs=Xilinx.spec -Wl,-T -Wl,../src/lscript.ld -L../../encoder2_bsp/ps7_cortexa9_0/lib -o "encoder2.elf"  ./src/encoder.o   -Wl,--start-group,-lxil,-lgcc,-lc,--end-group
'Finished building target: encoder2.elf'
' '
'Invoking: ARM v7 Print Size'
arm-none-eabi-size encoder2.elf  |tee "encoder2.elf.size"
   text	   data	    bss	    dec	    hex	filename
  22300	   1144	  22568	  46012	   b3bc	encoder2.elf
'Finished building: encoder2.elf.size'
' '
00:17:01 **** Incremental Build of configuration Debug for project encoder2 ****
make pre-build main-build 
a9-linaro-pre-build-step
' '
make: No se hace nada para `main-build'.
00:18:33 **** Auto Build of configuration Debug for project encoder2 ****
make pre-build main-build 
a9-linaro-pre-build-step
' '
'Building file: ../src/encoder.c'
'Invoking: ARM v7 gcc compiler'
arm-none-eabi-gcc -Wall -O0 -g3 -c -fmessage-length=0 -MT"src/encoder.o" -mcpu=cortex-a9 -mfpu=vfpv3 -mfloat-abi=hard -I../../encoder2_bsp/ps7_cortexa9_0/include -MMD -MP -MF"src/encoder.d" -MT"src/encoder.o" -o "src/encoder.o" "../src/encoder.c"
../src/encoder.c: In function 'main':
../src/encoder.c:26:6: warning: implicit declaration of function 'usleep' [-Wimplicit-function-declaration]
      usleep(10000);
      ^~~~~~
'Finished building: ../src/encoder.c'
' '
'Building target: encoder2.elf'
'Invoking: ARM v7 gcc linker'
arm-none-eabi-gcc -mcpu=cortex-a9 -mfpu=vfpv3 -mfloat-abi=hard -Wl,-build-id=none -specs=Xilinx.spec -Wl,-T -Wl,../src/lscript.ld -L../../encoder2_bsp/ps7_cortexa9_0/lib -o "encoder2.elf"  ./src/encoder.o   -Wl,--start-group,-lxil,-lgcc,-lc,--end-group
'Finished building target: encoder2.elf'
' '
'Invoking: ARM v7 Print Size'
arm-none-eabi-size encoder2.elf  |tee "encoder2.elf.size"
   text	   data	    bss	    dec	    hex	filename
  22292	   1144	  22568	  46004	   b3b4	encoder2.elf
'Finished building: encoder2.elf.size'
' '
00:19:36 **** Auto Build of configuration Debug for project encoder2 ****
make pre-build main-build 
a9-linaro-pre-build-step
' '
'Building file: ../src/encoder.c'
'Invoking: ARM v7 gcc compiler'
arm-none-eabi-gcc -Wall -O0 -g3 -c -fmessage-length=0 -MT"src/encoder.o" -mcpu=cortex-a9 -mfpu=vfpv3 -mfloat-abi=hard -I../../encoder2_bsp/ps7_cortexa9_0/include -MMD -MP -MF"src/encoder.d" -MT"src/encoder.o" -o "src/encoder.o" "../src/encoder.c"
../src/encoder.c: In function 'main':
../src/encoder.c:22:6: warning: implicit declaration of function 'usleep' [-Wimplicit-function-declaration]
      usleep(10_000);
      ^~~~~~
../src/encoder.c:22:13: error: invalid suffix "_000" on integer constant
      usleep(10_000);
             ^~~~~~
make: *** [src/encoder.o] Error 1
00:19:41 **** Auto Build of configuration Debug for project encoder2 ****
make pre-build main-build 
a9-linaro-pre-build-step
' '
'Building file: ../src/encoder.c'
'Invoking: ARM v7 gcc compiler'
arm-none-eabi-gcc -Wall -O0 -g3 -c -fmessage-length=0 -MT"src/encoder.o" -mcpu=cortex-a9 -mfpu=vfpv3 -mfloat-abi=hard -I../../encoder2_bsp/ps7_cortexa9_0/include -MMD -MP -MF"src/encoder.d" -MT"src/encoder.o" -o "src/encoder.o" "../src/encoder.c"
../src/encoder.c: In function 'main':
../src/encoder.c:22:6: warning: implicit declaration of function 'usleep' [-Wimplicit-function-declaration]
      usleep(10000);
      ^~~~~~
'Finished building: ../src/encoder.c'
' '
'Building target: encoder2.elf'
'Invoking: ARM v7 gcc linker'
arm-none-eabi-gcc -mcpu=cortex-a9 -mfpu=vfpv3 -mfloat-abi=hard -Wl,-build-id=none -specs=Xilinx.spec -Wl,-T -Wl,../src/lscript.ld -L../../encoder2_bsp/ps7_cortexa9_0/lib -o "encoder2.elf"  ./src/encoder.o   -Wl,--start-group,-lxil,-lgcc,-lc,--end-group
'Finished building target: encoder2.elf'
' '
'Invoking: ARM v7 Print Size'
arm-none-eabi-size encoder2.elf  |tee "encoder2.elf.size"
   text	   data	    bss	    dec	    hex	filename
  22292	   1144	  22568	  46004	   b3b4	encoder2.elf
'Finished building: encoder2.elf.size'
' '
00:21:07 **** Auto Build of configuration Debug for project encoder2 ****
make pre-build main-build 
a9-linaro-pre-build-step
' '
'Building file: ../src/encoder.c'
'Invoking: ARM v7 gcc compiler'
arm-none-eabi-gcc -Wall -O0 -g3 -c -fmessage-length=0 -MT"src/encoder.o" -mcpu=cortex-a9 -mfpu=vfpv3 -mfloat-abi=hard -I../../encoder2_bsp/ps7_cortexa9_0/include -MMD -MP -MF"src/encoder.d" -MT"src/encoder.o" -o "src/encoder.o" "../src/encoder.c"
../src/encoder.c: In function 'main':
../src/encoder.c:22:6: warning: implicit declaration of function 'usleep' [-Wimplicit-function-declaration]
      usleep(10000);
      ^~~~~~
'Finished building: ../src/encoder.c'
' '
'Building target: encoder2.elf'
'Invoking: ARM v7 gcc linker'
arm-none-eabi-gcc -mcpu=cortex-a9 -mfpu=vfpv3 -mfloat-abi=hard -Wl,-build-id=none -specs=Xilinx.spec -Wl,-T -Wl,../src/lscript.ld -L../../encoder2_bsp/ps7_cortexa9_0/lib -o "encoder2.elf"  ./src/encoder.o   -Wl,--start-group,-lxil,-lgcc,-lc,--end-group
'Finished building target: encoder2.elf'
' '
'Invoking: ARM v7 Print Size'
arm-none-eabi-size encoder2.elf  |tee "encoder2.elf.size"
   text	   data	    bss	    dec	    hex	filename
  22316	   1144	  22568	  46028	   b3cc	encoder2.elf
'Finished building: encoder2.elf.size'
' '
00:21:16 **** Incremental Build of configuration Debug for project encoder2 ****
make pre-build main-build 
a9-linaro-pre-build-step
' '
make: No se hace nada para `main-build'.
00:33:21 **** Auto Build of configuration Debug for project encoder2 ****
make pre-build main-build 
a9-linaro-pre-build-step
' '
'Building file: ../src/encoder.c'
'Invoking: ARM v7 gcc compiler'
arm-none-eabi-gcc -Wall -O0 -g3 -c -fmessage-length=0 -MT"src/encoder.o" -mcpu=cortex-a9 -mfpu=vfpv3 -mfloat-abi=hard -I../../encoder2_bsp/ps7_cortexa9_0/include -MMD -MP -MF"src/encoder.d" -MT"src/encoder.o" -o "src/encoder.o" "../src/encoder.c"
../src/encoder.c: In function 'main':
../src/encoder.c:22:6: warning: implicit declaration of function 'usleep' [-Wimplicit-function-declaration]
      usleep(100000);
      ^~~~~~
'Finished building: ../src/encoder.c'
' '
'Building target: encoder2.elf'
'Invoking: ARM v7 gcc linker'
arm-none-eabi-gcc -mcpu=cortex-a9 -mfpu=vfpv3 -mfloat-abi=hard -Wl,-build-id=none -specs=Xilinx.spec -Wl,-T -Wl,../src/lscript.ld -L../../encoder2_bsp/ps7_cortexa9_0/lib -o "encoder2.elf"  ./src/encoder.o   -Wl,--start-group,-lxil,-lgcc,-lc,--end-group
'Finished building target: encoder2.elf'
' '
'Invoking: ARM v7 Print Size'
arm-none-eabi-size encoder2.elf  |tee "encoder2.elf.size"
   text	   data	    bss	    dec	    hex	filename
  22316	   1144	  22568	  46028	   b3cc	encoder2.elf
'Finished building: encoder2.elf.size'
' '
00:33:29 **** Incremental Build of configuration Debug for project encoder2 ****
make pre-build main-build 
a9-linaro-pre-build-step
' '
make: No se hace nada para `main-build'.
00:34:26 **** Auto Build of configuration Debug for project encoder2 ****
make pre-build main-build 
a9-linaro-pre-build-step
' '
'Building file: ../src/encoder.c'
'Invoking: ARM v7 gcc compiler'
arm-none-eabi-gcc -Wall -O0 -g3 -c -fmessage-length=0 -MT"src/encoder.o" -mcpu=cortex-a9 -mfpu=vfpv3 -mfloat-abi=hard -I../../encoder2_bsp/ps7_cortexa9_0/include -MMD -MP -MF"src/encoder.d" -MT"src/encoder.o" -o "src/encoder.o" "../src/encoder.c"
../src/encoder.c: In function 'main':
../src/encoder.c:22:6: warning: implicit declaration of function 'usleep' [-Wimplicit-function-declaration]
      usleep(50000);
      ^~~~~~
'Finished building: ../src/encoder.c'
' '
'Building target: encoder2.elf'
'Invoking: ARM v7 gcc linker'
arm-none-eabi-gcc -mcpu=cortex-a9 -mfpu=vfpv3 -mfloat-abi=hard -Wl,-build-id=none -specs=Xilinx.spec -Wl,-T -Wl,../src/lscript.ld -L../../encoder2_bsp/ps7_cortexa9_0/lib -o "encoder2.elf"  ./src/encoder.o   -Wl,--start-group,-lxil,-lgcc,-lc,--end-group
'Finished building target: encoder2.elf'
' '
'Invoking: ARM v7 Print Size'
arm-none-eabi-size encoder2.elf  |tee "encoder2.elf.size"
   text	   data	    bss	    dec	    hex	filename
  22316	   1144	  22568	  46028	   b3cc	encoder2.elf
'Finished building: encoder2.elf.size'
' '
00:34:31 **** Incremental Build of configuration Debug for project encoder2 ****
make pre-build main-build 
a9-linaro-pre-build-step
' '
make: No se hace nada para `main-build'.
00:35:07 **** Auto Build of configuration Debug for project encoder2 ****
make pre-build main-build 
a9-linaro-pre-build-step
' '
'Building file: ../src/encoder.c'
'Invoking: ARM v7 gcc compiler'
arm-none-eabi-gcc -Wall -O0 -g3 -c -fmessage-length=0 -MT"src/encoder.o" -mcpu=cortex-a9 -mfpu=vfpv3 -mfloat-abi=hard -I../../encoder2_bsp/ps7_cortexa9_0/include -MMD -MP -MF"src/encoder.d" -MT"src/encoder.o" -o "src/encoder.o" "../src/encoder.c"
../src/encoder.c: In function 'main':
../src/encoder.c:22:6: warning: implicit declaration of function 'usleep' [-Wimplicit-function-declaration]
      usleep(50000);
      ^~~~~~
'Finished building: ../src/encoder.c'
' '
'Building target: encoder2.elf'
'Invoking: ARM v7 gcc linker'
arm-none-eabi-gcc -mcpu=cortex-a9 -mfpu=vfpv3 -mfloat-abi=hard -Wl,-build-id=none -specs=Xilinx.spec -Wl,-T -Wl,../src/lscript.ld -L../../encoder2_bsp/ps7_cortexa9_0/lib -o "encoder2.elf"  ./src/encoder.o   -Wl,--start-group,-lxil,-lgcc,-lc,--end-group
'Finished building target: encoder2.elf'
' '
'Invoking: ARM v7 Print Size'
arm-none-eabi-size encoder2.elf  |tee "encoder2.elf.size"
   text	   data	    bss	    dec	    hex	filename
  22316	   1144	  22568	  46028	   b3cc	encoder2.elf
'Finished building: encoder2.elf.size'
' '
00:35:11 **** Incremental Build of configuration Debug for project encoder2 ****
make pre-build main-build 
a9-linaro-pre-build-step
' '
make: No se hace nada para `main-build'.
01:02:21 **** Auto Build of configuration Debug for project encoder2 ****
make pre-build main-build 
a9-linaro-pre-build-step
' '
'Building file: ../src/encoder.c'
'Invoking: ARM v7 gcc compiler'
arm-none-eabi-gcc -Wall -O0 -g3 -c -fmessage-length=0 -MT"src/encoder.o" -mcpu=cortex-a9 -mfpu=vfpv3 -mfloat-abi=hard -I../../encoder2_bsp/ps7_cortexa9_0/include -MMD -MP -MF"src/encoder.d" -MT"src/encoder.o" -o "src/encoder.o" "../src/encoder.c"
../src/encoder.c: In function 'main':
../src/encoder.c:22:6: warning: implicit declaration of function 'usleep' [-Wimplicit-function-declaration]
      usleep(50000);
      ^~~~~~
'Finished building: ../src/encoder.c'
' '
'Building target: encoder2.elf'
'Invoking: ARM v7 gcc linker'
arm-none-eabi-gcc -mcpu=cortex-a9 -mfpu=vfpv3 -mfloat-abi=hard -Wl,-build-id=none -specs=Xilinx.spec -Wl,-T -Wl,../src/lscript.ld -L../../encoder2_bsp/ps7_cortexa9_0/lib -o "encoder2.elf"  ./src/encoder.o   -Wl,--start-group,-lxil,-lgcc,-lc,--end-group
'Finished building target: encoder2.elf'
' '
'Invoking: ARM v7 Print Size'
arm-none-eabi-size encoder2.elf  |tee "encoder2.elf.size"
   text	   data	    bss	    dec	    hex	filename
  22316	   1144	  22568	  46028	   b3cc	encoder2.elf
'Finished building: encoder2.elf.size'
' '
18:33:43 **** Auto Build of configuration Debug for project encoder2 ****
make pre-build main-build 
a9-linaro-pre-build-step
' '
'Building file: ../src/encoder.c'
'Invoking: ARM v7 gcc compiler'
arm-none-eabi-gcc -Wall -O0 -g3 -c -fmessage-length=0 -MT"src/encoder.o" -mcpu=cortex-a9 -mfpu=vfpv3 -mfloat-abi=hard -I../../encoder2_bsp/ps7_cortexa9_0/include -MMD -MP -MF"src/encoder.d" -MT"src/encoder.o" -o "src/encoder.o" "../src/encoder.c"
../src/encoder.c: In function 'main':
../src/encoder.c:22:6: warning: implicit declaration of function 'usleep' [-Wimplicit-function-declaration]
      usleep(50000);
      ^~~~~~
'Finished building: ../src/encoder.c'
' '
'Building target: encoder2.elf'
'Invoking: ARM v7 gcc linker'
arm-none-eabi-gcc -mcpu=cortex-a9 -mfpu=vfpv3 -mfloat-abi=hard -Wl,-build-id=none -specs=Xilinx.spec -Wl,-T -Wl,../src/lscript.ld -L../../encoder2_bsp/ps7_cortexa9_0/lib -o "encoder2.elf"  ./src/encoder.o   -Wl,--start-group,-lxil,-lgcc,-lc,--end-group
'Finished building target: encoder2.elf'
' '
'Invoking: ARM v7 Print Size'
arm-none-eabi-size encoder2.elf  |tee "encoder2.elf.size"
   text	   data	    bss	    dec	    hex	filename
  22316	   1144	  22568	  46028	   b3cc	encoder2.elf
'Finished building: encoder2.elf.size'
' '
18:33:49 **** Incremental Build of configuration Debug for project encoder2 ****
make pre-build main-build 
a9-linaro-pre-build-step
' '
make: No se hace nada para `main-build'.
18:34:26 **** Incremental Build of configuration Debug for project encoder2 ****
make pre-build main-build 
a9-linaro-pre-build-step
' '
make: No se hace nada para `main-build'.
20:22:37 **** Auto Build of configuration Debug for project encoder2 ****
make pre-build main-build 
a9-linaro-pre-build-step
' '
'Building file: ../src/encoder.c'
'Invoking: ARM v7 gcc compiler'
arm-none-eabi-gcc -Wall -O0 -g3 -c -fmessage-length=0 -MT"src/encoder.o" -mcpu=cortex-a9 -mfpu=vfpv3 -mfloat-abi=hard -I../../encoder2_bsp/ps7_cortexa9_0/include -MMD -MP -MF"src/encoder.d" -MT"src/encoder.o" -o "src/encoder.o" "../src/encoder.c"
../src/encoder.c: In function 'main':
../src/encoder.c:22:6: warning: implicit declaration of function 'usleep' [-Wimplicit-function-declaration]
      usleep(50000);
      ^~~~~~
'Finished building: ../src/encoder.c'
' '
'Building target: encoder2.elf'
'Invoking: ARM v7 gcc linker'
arm-none-eabi-gcc -mcpu=cortex-a9 -mfpu=vfpv3 -mfloat-abi=hard -Wl,-build-id=none -specs=Xilinx.spec -Wl,-T -Wl,../src/lscript.ld -L../../encoder2_bsp/ps7_cortexa9_0/lib -o "encoder2.elf"  ./src/encoder.o   -Wl,--start-group,-lxil,-lgcc,-lc,--end-group
'Finished building target: encoder2.elf'
' '
'Invoking: ARM v7 Print Size'
arm-none-eabi-size encoder2.elf  |tee "encoder2.elf.size"
   text	   data	    bss	    dec	    hex	filename
  22308	   1144	  22568	  46020	   b3c4	encoder2.elf
'Finished building: encoder2.elf.size'
' '
20:22:47 **** Incremental Build of configuration Debug for project encoder2 ****
make pre-build main-build 
a9-linaro-pre-build-step
' '
make: No se hace nada para `main-build'.
20:26:55 **** Auto Build of configuration Debug for project encoder2 ****
make pre-build main-build 
a9-linaro-pre-build-step
' '
'Building file: ../src/encoder.c'
'Invoking: ARM v7 gcc compiler'
arm-none-eabi-gcc -Wall -O0 -g3 -c -fmessage-length=0 -MT"src/encoder.o" -mcpu=cortex-a9 -mfpu=vfpv3 -mfloat-abi=hard -I../../encoder2_bsp/ps7_cortexa9_0/include -MMD -MP -MF"src/encoder.d" -MT"src/encoder.o" -o "src/encoder.o" "../src/encoder.c"
../src/encoder.c: In function 'main':
../src/encoder.c:22:6: warning: implicit declaration of function 'usleep' [-Wimplicit-function-declaration]
      usleep(50000);
      ^~~~~~
'Finished building: ../src/encoder.c'
' '
'Building target: encoder2.elf'
'Invoking: ARM v7 gcc linker'
arm-none-eabi-gcc -mcpu=cortex-a9 -mfpu=vfpv3 -mfloat-abi=hard -Wl,-build-id=none -specs=Xilinx.spec -Wl,-T -Wl,../src/lscript.ld -L../../encoder2_bsp/ps7_cortexa9_0/lib -o "encoder2.elf"  ./src/encoder.o   -Wl,--start-group,-lxil,-lgcc,-lc,--end-group
'Finished building target: encoder2.elf'
' '
'Invoking: ARM v7 Print Size'
arm-none-eabi-size encoder2.elf  |tee "encoder2.elf.size"
   text	   data	    bss	    dec	    hex	filename
  22316	   1144	  22568	  46028	   b3cc	encoder2.elf
'Finished building: encoder2.elf.size'
' '
